
[1m[46m RUN [49m[22m [36mv4.0.18 [39m[90m/home/obsidian/Projects/Zaines[39m

 [31m❯[39m src/__tests__/issue31-pricing-consistency.test.ts [2m([22m[2m7 tests[22m[2m | [22m[31m6 failed[39m[2m)[22m[32m 54[2mms[22m[39m
[31m     [31m×[31m enforces required and forbidden pricing policy copy for /[39m[32m 19[2mms[22m[39m
[31m     [31m×[31m enforces required and forbidden pricing policy copy for /pricing[39m[32m 12[2mms[22m[39m
[31m     [31m×[31m enforces required and forbidden pricing policy copy for /book[39m[32m 6[2mms[22m[39m
[31m     [31m×[31m enforces required and forbidden pricing policy copy for /contact[39m[32m 2[2mms[22m[39m
[31m     [31m×[31m enforces required and forbidden pricing policy copy for /reviews[39m[32m 5[2mms[22m[39m
[31m     [31m×[31m enforces required and forbidden pricing policy copy for /faq[39m[32m 6[2mms[22m[39m
     [32m✓[39m enforces required and forbidden pricing policy copy for /policies[32m 2[2mms[22m[39m
 [32m✓[39m src/__tests__/lib-stripe.test.ts [2m([22m[2m13 tests[22m[2m)[22m[32m 165[2mms[22m[39m
 [32m✓[39m src/__tests__/api-routes.test.ts [2m([22m[2m6 tests[22m[2m)[22m[33m 385[2mms[22m[39m
 [31m❯[39m src/__tests__/admin-api.test.ts [2m([22m[2m29 tests[22m[2m | [22m[31m1 failed[39m[2m)[22m[32m 65[2mms[22m[39m
     [32m✓[39m returns 401 when not authenticated[32m 14[2mms[22m[39m
     [32m✓[39m returns 403 for customer role[32m 2[2mms[22m[39m
     [32m✓[39m returns empty bookings when DB not configured[32m 2[2mms[22m[39m
[31m     [31m×[31m returns bookings for staff role[39m[32m 13[2mms[22m[39m
     [32m✓[39m returns bookings for admin role[32m 2[2mms[22m[39m
     [32m✓[39m returns 401 when not authenticated[32m 1[2mms[22m[39m
     [32m✓[39m returns 403 for customer role[32m 1[2mms[22m[39m
     [32m✓[39m returns 400 when bookingId is missing[32m 1[2mms[22m[39m
     [32m✓[39m returns 503 when DB not configured[32m 1[2mms[22m[39m
     [32m✓[39m returns 404 when booking not found[32m 1[2mms[22m[39m
     [32m✓[39m returns 409 when booking is not confirmed[32m 1[2mms[22m[39m
     [32m✓[39m returns 200 and updates booking on success[32m 2[2mms[22m[39m
     [32m✓[39m returns 401 when not authenticated[32m 1[2mms[22m[39m
     [32m✓[39m returns 403 for customer role[32m 1[2mms[22m[39m
     [32m✓[39m returns 400 when bookingId is missing[32m 0[2mms[22m[39m
     [32m✓[39m returns 404 when booking not found[32m 0[2mms[22m[39m
     [32m✓[39m returns 409 when booking is not checked_in[32m 1[2mms[22m[39m
     [32m✓[39m returns 200 and updates booking to completed on success[32m 1[2mms[22m[39m
     [32m✓[39m returns 403 for customer role[32m 1[2mms[22m[39m
     [32m✓[39m returns 409 when booking is not checked_in[32m 0[2mms[22m[39m
     [32m✓[39m returns 201 and creates activity on success[32m 1[2mms[22m[39m
     [32m✓[39m returns 401 when not authenticated[32m 1[2mms[22m[39m
     [32m✓[39m returns activities for staff role[32m 1[2mms[22m[39m
     [32m✓[39m returns 403 for customer role[32m 1[2mms[22m[39m
     [32m✓[39m returns 409 when booking is not checked_in[32m 9[2mms[22m[39m
     [32m✓[39m returns 409 when pet is not assigned to the booking[32m 2[2mms[22m[39m
     [32m✓[39m returns normalized occupancy summary[32m 1[2mms[22m[39m
     [32m✓[39m returns 404 when booking filter does not exist[32m 1[2mms[22m[39m
     [32m✓[39m returns contacts for checked-in bookings[32m 1[2mms[22m[39m
[90mstderr[2m | src/__tests__/bookings-concurrency.test.ts[2m > [22m[2mBooking Concurrency Safety[2m > [22m[2mprevents overbooking when 20 concurrent requests target same suite/dates
[22m[39mError fetching admin settings: TypeError: Cannot read properties of undefined (reading 'findMany')
    at getAdminSettings [90m(/home/obsidian/Projects/Zaines/[39msrc/lib/api/admin-settings.ts:69:44[90m)[39m
    at Module.POST [90m(/home/obsidian/Projects/Zaines/[39msrc/app/api/bookings/route.ts:209:33[90m)[39m
[90m    at processTicksAndRejections (node:internal/process/task_queues:103:5)[39m
    at async Promise.all (index 0)
    at [90m/home/obsidian/Projects/Zaines/[39msrc/__tests__/bookings-concurrency.test.ts:275:23
    at [90mfile:///home/obsidian/Projects/Zaines/[39mnode_modules/[4m.pnpm[24m/@vitest+runner@4.0.18/node_modules/[4m@vitest/runner[24m/dist/index.js:915:20
Error fetching admin settings: TypeError: Cannot read properties of undefined (reading 'findMany')
    at getAdminSettings [90m(/home/obsidian/Projects/Zaines/[39msrc/lib/api/admin-settings.ts:69:44[90m)[39m
    at Module.POST [90m(/home/obsidian/Projects/Zaines/[39msrc/app/api/bookings/route.ts:209:33[90m)[39m
[90m    at processTicksAndRejections (node:internal/process/task_queues:103:5)[39m
    at async Promise.all (index 1)
    at [90m/home/obsidian/Projects/Zaines/[39msrc/__tests__/bookings-concurrency.test.ts:275:23
    at [90mfile:///home/obsidian/Projects/Zaines/[39mnode_modules/[4m.pnpm[24m/@vitest+runner@4.0.18/node_modules/[4m@vitest/runner[24m/dist/index.js:915:20
Error fetching admin settings: TypeError: Cannot read properties of undefined (reading 'findMany')
    at getAdminSettings [90m(/home/obsidian/Projects/Zaines/[39msrc/lib/api/admin-settings.ts:69:44[90m)[39m
    at Module.POST [90m(/home/obsidian/Projects/Zaines/[39msrc/app/api/bookings/route.ts:209:33[90m)[39m
[90m    at processTicksAndRejections (node:internal/process/task_queues:103:5)[39m
    at async Promise.all (index 2)
    at [90m/home/obsidian/Projects/Zaines/[39msrc/__tests__/bookings-concurrency.test.ts:275:23
    at [90mfile:///home/obsidian/Projects/Zaines/[39mnode_modules/[4m.pnpm[24m/@vitest+runner@4.0.18/node_modules/[4m@vitest/runner[24m/dist/index.js:915:20
Error fetching admin settings: TypeError: Cannot read properties of undefined (reading 'findMany')
    at getAdminSettings [90m(/home/obsidian/Projects/Zaines/[39msrc/lib/api/admin-settings.ts:69:44[90m)[39m
    at Module.POST [90m(/home/obsidian/Projects/Zaines/[39msrc/app/api/bookings/route.ts:209:33[90m)[39m
[90m    at processTicksAndRejections (node:internal/process/task_queues:103:5)[39m
    at async Promise.all (index 3)
    at [90m/home/obsidian/Projects/Zaines/[39msrc/__tests__/bookings-concurrency.test.ts:275:23
    at [90mfile:///home/obsidian/Projects/Zaines/[39mnode_modules/[4m.pnpm[24m/@vitest+runner@4.0.18/node_modules/[4m@vitest/runner[24m/dist/index.js:915:20
Error fetching admin settings: TypeError: Cannot read properties of undefined (reading 'findMany')
    at getAdminSettings [90m(/home/obsidian/Projects/Zaines/[39msrc/lib/api/admin-settings.ts:69:44[90m)[39m
    at Module.POST [90m(/home/obsidian/Projects/Zaines/[39msrc/app/api/bookings/route.ts:209:33[90m)[39m
[90m    at processTicksAndRejections (node:internal/process/task_queues:103:5)[39m
    at async Promise.all (index 4)
    at [90m/home/obsidian/Projects/Zaines/[39msrc/__tests__/bookings-concurrency.test.ts:275:23
    at [90mfile:///home/obsidian/Projects/Zaines/[39mnode_modules/[4m.pnpm[24m/@vitest+runner@4.0.18/node_modules/[4m@vitest/runner[24m/dist/index.js:915:20
Error fetching admin settings: TypeError: Cannot read properties of undefined (reading 'findMany')
    at getAdminSettings [90m(/home/obsidian/Projects/Zaines/[39msrc/lib/api/admin-settings.ts:69:44[90m)[39m
    at Module.POST [90m(/home/obsidian/Projects/Zaines/[39msrc/app/api/bookings/route.ts:209:33[90m)[39m
[90m    at processTicksAndRejections (node:internal/process/task_queues:103:5)[39m
    at async Promise.all (index 5)
    at [90m/home/obsidian/Projects/Zaines/[39msrc/__tests__/bookings-concurrency.test.ts:275:23
    at [90mfile:///home/obsidian/Projects/Zaines/[39mnode_modules/[4m.pnpm[24m/@vitest+runner@4.0.18/node_modules/[4m@vitest/runner[24m/dist/index.js:915:20
Error fetching admin settings: TypeError: Cannot read properties of undefined (reading 'findMany')
    at getAdminSettings [90m(/home/obsidian/Projects/Zaines/[39msrc/lib/api/admin-settings.ts:69:44[90m)[39m
    at Module.POST [90m(/home/obsidian/Projects/Zaines/[39msrc/app/api/bookings/route.ts:209:33[90m)[39m
[90m    at processTicksAndRejections (node:internal/process/task_queues:103:5)[39m
    at async Promise.all (index 6)
    at [90m/home/obsidian/Projects/Zaines/[39msrc/__tests__/bookings-concurrency.test.ts:275:23
    at [90mfile:///home/obsidian/Projects/Zaines/[39mnode_modules/[4m.pnpm[24m/@vitest+runner@4.0.18/node_modules/[4m@vitest/runner[24m/dist/index.js:915:20
Error fetching admin settings: TypeError: Cannot read properties of undefined (reading 'findMany')
    at getAdminSettings [90m(/home/obsidian/Projects/Zaines/[39msrc/lib/api/admin-settings.ts:69:44[90m)[39m
    at Module.POST [90m(/home/obsidian/Projects/Zaines/[39msrc/app/api/bookings/route.ts:209:33[90m)[39m
[90m    at processTicksAndRejections (node:internal/process/task_queues:103:5)[39m
    at async Promise.all (index 7)
    at [90m/home/obsidian/Projects/Zaines/[39msrc/__tests__/bookings-concurrency.test.ts:275:23
    at [90mfile:///home/obsidian/Projects/Zaines/[39mnode_modules/[4m.pnpm[24m/@vitest+runner@4.0.18/node_modules/[4m@vitest/runner[24m/dist/index.js:915:20
Error fetching admin settings: TypeError: Cannot read properties of undefined (reading 'findMany')
    at getAdminSettings [90m(/home/obsidian/Projects/Zaines/[39msrc/lib/api/admin-settings.ts:69:44[90m)[39m
    at Module.POST [90m(/home/obsidian/Projects/Zaines/[39msrc/app/api/bookings/route.ts:209:33[90m)[39m
[90m    at processTicksAndRejections (node:internal/process/task_queues:103:5)[39m
    at async Promise.all (index 8)
    at [90m/home/obsidian/Projects/Zaines/[39msrc/__tests__/bookings-concurrency.test.ts:275:23
    at [90mfile:///home/obsidian/Projects/Zaines/[39mnode_modules/[4m.pnpm[24m/@vitest+runner@4.0.18/node_modules/[4m@vitest/runner[24m/dist/index.js:915:20
Error fetching admin settings: TypeError: Cannot read properties of undefined (reading 'findMany')
    at getAdminSettings [90m(/home/obsidian/Projects/Zaines/[39msrc/lib/api/admin-settings.ts:69:44[90m)[39m
    at Module.POST [90m(/home/obsidian/Projects/Zaines/[39msrc/app/api/bookings/route.ts:209:33[90m)[39m
[90m    at processTicksAndRejections (node:internal/process/task_queues:103:5)[39m
    at async Promise.all (index 9)
    at [90m/home/obsidian/Projects/Zaines/[39msrc/__tests__/bookings-concurrency.test.ts:275:23
    at [90mfile:///home/obsidian/Projects/Zaines/[39mnode_modules/[4m.pnpm[24m/@vitest+runner@4.0.18/node_modules/[4m@vitest/runner[24m/dist/index.js:915:20
Error fetching admin settings: TypeError: Cannot read properties of undefined (reading 'findMany')
    at getAdminSettings [90m(/home/obsidian/Projects/Zaines/[39msrc/lib/api/admin-settings.ts:69:44[90m)[39m
    at Module.POST [90m(/home/obsidian/Projects/Zaines/[39msrc/app/api/bookings/route.ts:209:33[90m)[39m
[90m    at processTicksAndRejections (node:internal/process/task_queues:103:5)[39m
    at async Promise.all (index 10)
    at [90m/home/obsidian/Projects/Zaines/[39msrc/__tests__/bookings-concurrency.test.ts:275:23
    at [90mfile:///home/obsidian/Projects/Zaines/[39mnode_modules/[4m.pnpm[24m/@vitest+runner@4.0.18/node_modules/[4m@vitest/runner[24m/dist/index.js:915:20
Error fetching admin settings: TypeError: Cannot read properties of undefined (reading 'findMany')
    at getAdminSettings [90m(/home/obsidian/Projects/Zaines/[39msrc/lib/api/admin-settings.ts:69:44[90m)[39m
    at Module.POST [90m(/home/obsidian/Projects/Zaines/[39msrc/app/api/bookings/route.ts:209:33[90m)[39m
[90m    at processTicksAndRejections (node:internal/process/task_queues:103:5)[39m
    at async Promise.all (index 11)
    at [90m/home/obsidian/Projects/Zaines/[39msrc/__tests__/bookings-concurrency.test.ts:275:23
    at [90mfile:///home/obsidian/Projects/Zaines/[39mnode_modules/[4m.pnpm[24m/@vitest+runner@4.0.18/node_modules/[4m@vitest/runner[24m/dist/index.js:915:20
Error fetching admin settings: TypeError: Cannot read properties of undefined (reading 'findMany')
    at getAdminSettings [90m(/home/obsidian/Projects/Zaines/[39msrc/lib/api/admin-settings.ts:69:44[90m)[39m
    at Module.POST [90m(/home/obsidian/Projects/Zaines/[39msrc/app/api/bookings/route.ts:209:33[90m)[39m
[90m    at processTicksAndRejections (node:internal/process/task_queues:103:5)[39m
    at async Promise.all (index 12)
    at [90m/home/obsidian/Projects/Zaines/[39msrc/__tests__/bookings-concurrency.test.ts:275:23
    at [90mfile:///home/obsidian/Projects/Zaines/[39mnode_modules/[4m.pnpm[24m/@vitest+runner@4.0.18/node_modules/[4m@vitest/runner[24m/dist/index.js:915:20
Error fetching admin settings: TypeError: Cannot read properties of undefined (reading 'findMany')
    at getAdminSettings [90m(/home/obsidian/Projects/Zaines/[39msrc/lib/api/admin-settings.ts:69:44[90m)[39m
    at Module.POST [90m(/home/obsidian/Projects/Zaines/[39msrc/app/api/bookings/route.ts:209:33[90m)[39m
[90m    at processTicksAndRejections (node:internal/process/task_queues:103:5)[39m
    at async Promise.all (index 13)
    at [90m/home/obsidian/Projects/Zaines/[39msrc/__tests__/bookings-concurrency.test.ts:275:23
    at [90mfile:///home/obsidian/Projects/Zaines/[39mnode_modules/[4m.pnpm[24m/@vitest+runner@4.0.18/node_modules/[4m@vitest/runner[24m/dist/index.js:915:20
Error fetching admin settings: TypeError: Cannot read properties of undefined (reading 'findMany')
    at getAdminSettings [90m(/home/obsidian/Projects/Zaines/[39msrc/lib/api/admin-settings.ts:69:44[90m)[39m
    at Module.POST [90m(/home/obsidian/Projects/Zaines/[39msrc/app/api/bookings/route.ts:209:33[90m)[39m
[90m    at processTicksAndRejections (node:internal/process/task_queues:103:5)[39m
    at async Promise.all (index 14)
    at [90m/home/obsidian/Projects/Zaines/[39msrc/__tests__/bookings-concurrency.test.ts:275:23
    at [90mfile:///home/obsidian/Projects/Zaines/[39mnode_modules/[4m.pnpm[24m/@vitest+runner@4.0.18/node_modules/[4m@vitest/runner[24m/dist/index.js:915:20
Error fetching admin settings: TypeError: Cannot read properties of undefined (reading 'findMany')
    at getAdminSettings [90m(/home/obsidian/Projects/Zaines/[39msrc/lib/api/admin-settings.ts:69:44[90m)[39m
    at Module.POST [90m(/home/obsidian/Projects/Zaines/[39msrc/app/api/bookings/route.ts:209:33[90m)[39m
[90m    at processTicksAndRejections (node:internal/process/task_queues:103:5)[39m
    at async Promise.all (index 15)
    at [90m/home/obsidian/Projects/Zaines/[39msrc/__tests__/bookings-concurrency.test.ts:275:23
    at [90mfile:///home/obsidian/Projects/Zaines/[39mnode_modules/[4m.pnpm[24m/@vitest+runner@4.0.18/node_modules/[4m@vitest/runner[24m/dist/index.js:915:20
Error fetching admin settings: TypeError: Cannot read properties of undefined (reading 'findMany')
    at getAdminSettings [90m(/home/obsidian/Projects/Zaines/[39msrc/lib/api/admin-settings.ts:69:44[90m)[39m
    at Module.POST [90m(/home/obsidian/Projects/Zaines/[39msrc/app/api/bookings/route.ts:209:33[90m)[39m
[90m    at processTicksAndRejections (node:internal/process/task_queues:103:5)[39m
    at async Promise.all (index 16)
    at [90m/home/obsidian/Projects/Zaines/[39msrc/__tests__/bookings-concurrency.test.ts:275:23
    at [90mfile:///home/obsidian/Projects/Zaines/[39mnode_modules/[4m.pnpm[24m/@vitest+runner@4.0.18/node_modules/[4m@vitest/runner[24m/dist/index.js:915:20
Error fetching admin settings: TypeError: Cannot read properties of undefined (reading 'findMany')
    at getAdminSettings [90m(/home/obsidian/Projects/Zaines/[39msrc/lib/api/admin-settings.ts:69:44[90m)[39m
    at Module.POST [90m(/home/obsidian/Projects/Zaines/[39msrc/app/api/bookings/route.ts:209:33[90m)[39m
[90m    at processTicksAndRejections (node:internal/process/task_queues:103:5)[39m
    at async Promise.all (index 17)
    at [90m/home/obsidian/Projects/Zaines/[39msrc/__tests__/bookings-concurrency.test.ts:275:23
    at [90mfile:///home/obsidian/Projects/Zaines/[39mnode_modules/[4m.pnpm[24m/@vitest+runner@4.0.18/node_modules/[4m@vitest/runner[24m/dist/index.js:915:20
Error fetching admin settings: TypeError: Cannot read properties of undefined (reading 'findMany')
    at getAdminSettings [90m(/home/obsidian/Projects/Zaines/[39msrc/lib/api/admin-settings.ts:69:44[90m)[39m
    at Module.POST [90m(/home/obsidian/Projects/Zaines/[39msrc/app/api/bookings/route.ts:209:33[90m)[39m
[90m    at processTicksAndRejections (node:internal/process/task_queues:103:5)[39m
    at async Promise.all (index 18)
    at [90m/home/obsidian/Projects/Zaines/[39msrc/__tests__/bookings-concurrency.test.ts:275:23
    at [90mfile:///home/obsidian/Projects/Zaines/[39mnode_modules/[4m.pnpm[24m/@vitest+runner@4.0.18/node_modules/[4m@vitest/runner[24m/dist/index.js:915:20
Error fetching admin settings: TypeError: Cannot read properties of undefined (reading 'findMany')
    at getAdminSettings [90m(/home/obsidian/Projects/Zaines/[39msrc/lib/api/admin-settings.ts:69:44[90m)[39m
    at Module.POST [90m(/home/obsidian/Projects/Zaines/[39msrc/app/api/bookings/route.ts:209:33[90m)[39m
[90m    at processTicksAndRejections (node:internal/process/task_queues:103:5)[39m
    at async Promise.all (index 19)
    at [90m/home/obsidian/Projects/Zaines/[39msrc/__tests__/bookings-concurrency.test.ts:275:23
    at [90mfile:///home/obsidian/Projects/Zaines/[39mnode_modules/[4m.pnpm[24m/@vitest+runner@4.0.18/node_modules/[4m@vitest/runner[24m/dist/index.js:915:20

[90mstderr[2m | src/__tests__/bookings-concurrency.test.ts[2m > [22m[2mBooking Concurrency Safety[2m > [22m[2mprevents overbooking when 20 concurrent requests target same suite/dates
[22m[39m{"route":"/api/bookings","errorCode":"BOOKING_CREATE_FAILED","correlationId":"320fff5c-58c0-466d-94e3-4a85e13cada8","errorType":"Error"}
{"route":"/api/bookings","errorCode":"BOOKING_CREATE_FAILED","correlationId":"aa9cd2b0-63cb-4349-ba50-28020f867a27","errorType":"Error"}
{"route":"/api/bookings","errorCode":"BOOKING_CREATE_FAILED","correlationId":"7e593e39-6274-4883-8ffc-4f457744b658","errorType":"Error"}
{"route":"/api/bookings","errorCode":"BOOKING_CREATE_FAILED","correlationId":"cb7ad554-451f-432b-a5bd-c46ac8e96220","errorType":"Error"}
{"route":"/api/bookings","errorCode":"BOOKING_CREATE_FAILED","correlationId":"8d6c1069-7252-410a-b045-c5cd8ae2d6e1","errorType":"Error"}
{"route":"/api/bookings","errorCode":"BOOKING_CREATE_FAILED","correlationId":"3b1b22d9-61c7-4e03-8e94-6f32180d9c11","errorType":"Error"}
{"route":"/api/bookings","errorCode":"BOOKING_CREATE_FAILED","correlationId":"438ca9ff-e0f2-481a-9bd7-530361458e21","errorType":"Error"}
{"route":"/api/bookings","errorCode":"BOOKING_CREATE_FAILED","correlationId":"aceb8077-8cd5-4525-8359-3ce368d6f119","errorType":"Error"}
{"route":"/api/bookings","errorCode":"BOOKING_CREATE_FAILED","correlationId":"80d91e83-00cc-4db3-8eee-e55dffe02e3a","errorType":"Error"}
{"route":"/api/bookings","errorCode":"BOOKING_CREATE_FAILED","correlationId":"1b4f2c6f-0fc2-408f-a847-bebceb6ded71","errorType":"Error"}

[90mstderr[2m | src/__tests__/bookings-concurrency.test.ts[2m > [22m[2mBooking Concurrency Safety[2m > [22m[2mallows exactly 10 bookings for standard tier (capacity=10)
[22m[39mError fetching admin settings: TypeError: Cannot read properties of undefined (reading 'findMany')
    at getAdminSettings [90m(/home/obsidian/Projects/Zaines/[39msrc/lib/api/admin-settings.ts:69:44[90m)[39m
    at Module.POST [90m(/home/obsidian/Projects/Zaines/[39msrc/app/api/bookings/route.ts:209:33[90m)[39m
    at [90m/home/obsidian/Projects/Zaines/[39msrc/__tests__/bookings-concurrency.test.ts:306:24
    at [90mfile:///home/obsidian/Projects/Zaines/[39mnode_modules/[4m.pnpm[24m/@vitest+runner@4.0.18/node_modules/[4m@vitest/runner[24m/dist/index.js:915:20

[90mstderr[2m | src/__tests__/bookings-concurrency.test.ts[2m > [22m[2mBooking Concurrency Safety[2m > [22m[2mallows exactly 10 bookings for standard tier (capacity=10)
[22m[39mError fetching admin settings: TypeError: Cannot read properties of undefined (reading 'findMany')
    at getAdminSettings [90m(/home/obsidian/Projects/Zaines/[39msrc/lib/api/admin-settings.ts:69:44[90m)[39m
    at Module.POST [90m(/home/obsidian/Projects/Zaines/[39msrc/app/api/bookings/route.ts:209:33[90m)[39m
    at [90m/home/obsidian/Projects/Zaines/[39msrc/__tests__/bookings-concurrency.test.ts:306:24
    at [90mfile:///home/obsidian/Projects/Zaines/[39mnode_modules/[4m.pnpm[24m/@vitest+runner@4.0.18/node_modules/[4m@vitest/runner[24m/dist/index.js:915:20

[90mstderr[2m | src/__tests__/bookings-concurrency.test.ts[2m > [22m[2mBooking Concurrency Safety[2m > [22m[2mallows exactly 10 bookings for standard tier (capacity=10)
[22m[39mError fetching admin settings: TypeError: Cannot read properties of undefined (reading 'findMany')
    at getAdminSettings [90m(/home/obsidian/Projects/Zaines/[39msrc/lib/api/admin-settings.ts:69:44[90m)[39m
    at Module.POST [90m(/home/obsidian/Projects/Zaines/[39msrc/app/api/bookings/route.ts:209:33[90m)[39m
    at [90m/home/obsidian/Projects/Zaines/[39msrc/__tests__/bookings-concurrency.test.ts:306:24
    at [90mfile:///home/obsidian/Projects/Zaines/[39mnode_modules/[4m.pnpm[24m/@vitest+runner@4.0.18/node_modules/[4m@vitest/runner[24m/dist/index.js:915:20

[90mstderr[2m | src/__tests__/bookings-concurrency.test.ts[2m > [22m[2mBooking Concurrency Safety[2m > [22m[2mallows exactly 10 bookings for standard tier (capacity=10)
[22m[39mError fetching admin settings: TypeError: Cannot read properties of undefined (reading 'findMany')
    at getAdminSettings [90m(/home/obsidian/Projects/Zaines/[39msrc/lib/api/admin-settings.ts:69:44[90m)[39m
    at Module.POST [90m(/home/obsidian/Projects/Zaines/[39msrc/app/api/bookings/route.ts:209:33[90m)[39m
    at [90m/home/obsidian/Projects/Zaines/[39msrc/__tests__/bookings-concurrency.test.ts:306:24
    at [90mfile:///home/obsidian/Projects/Zaines/[39mnode_modules/[4m.pnpm[24m/@vitest+runner@4.0.18/node_modules/[4m@vitest/runner[24m/dist/index.js:915:20

[90mstderr[2m | src/__tests__/bookings-concurrency.test.ts[2m > [22m[2mBooking Concurrency Safety[2m > [22m[2mallows exactly 10 bookings for standard tier (capacity=10)
[22m[39mError fetching admin settings: TypeError: Cannot read properties of undefined (reading 'findMany')
    at getAdminSettings [90m(/home/obsidian/Projects/Zaines/[39msrc/lib/api/admin-settings.ts:69:44[90m)[39m
    at Module.POST [90m(/home/obsidian/Projects/Zaines/[39msrc/app/api/bookings/route.ts:209:33[90m)[39m
    at [90m/home/obsidian/Projects/Zaines/[39msrc/__tests__/bookings-concurrency.test.ts:306:24
    at [90mfile:///home/obsidian/Projects/Zaines/[39mnode_modules/[4m.pnpm[24m/@vitest+runner@4.0.18/node_modules/[4m@vitest/runner[24m/dist/index.js:915:20

[90mstderr[2m | src/__tests__/bookings-concurrency.test.ts[2m > [22m[2mBooking Concurrency Safety[2m > [22m[2mallows exactly 10 bookings for standard tier (capacity=10)
[22m[39mError fetching admin settings: TypeError: Cannot read properties of undefined (reading 'findMany')
    at getAdminSettings [90m(/home/obsidian/Projects/Zaines/[39msrc/lib/api/admin-settings.ts:69:44[90m)[39m
    at Module.POST [90m(/home/obsidian/Projects/Zaines/[39msrc/app/api/bookings/route.ts:209:33[90m)[39m
    at [90m/home/obsidian/Projects/Zaines/[39msrc/__tests__/bookings-concurrency.test.ts:306:24
    at [90mfile:///home/obsidian/Projects/Zaines/[39mnode_modules/[4m.pnpm[24m/@vitest+runner@4.0.18/node_modules/[4m@vitest/runner[24m/dist/index.js:915:20

[90mstderr[2m | src/__tests__/bookings-concurrency.test.ts[2m > [22m[2mBooking Concurrency Safety[2m > [22m[2mallows exactly 10 bookings for standard tier (capacity=10)
[22m[39mError fetching admin settings: TypeError: Cannot read properties of undefined (reading 'findMany')
    at getAdminSettings [90m(/home/obsidian/Projects/Zaines/[39msrc/lib/api/admin-settings.ts:69:44[90m)[39m
    at Module.POST [90m(/home/obsidian/Projects/Zaines/[39msrc/app/api/bookings/route.ts:209:33[90m)[39m
    at [90m/home/obsidian/Projects/Zaines/[39msrc/__tests__/bookings-concurrency.test.ts:306:24
    at [90mfile:///home/obsidian/Projects/Zaines/[39mnode_modules/[4m.pnpm[24m/@vitest+runner@4.0.18/node_modules/[4m@vitest/runner[24m/dist/index.js:915:20

[90mstderr[2m | src/__tests__/bookings-concurrency.test.ts[2m > [22m[2mBooking Concurrency Safety[2m > [22m[2mallows exactly 10 bookings for standard tier (capacity=10)
[22m[39mError fetching admin settings: TypeError: Cannot read properties of undefined (reading 'findMany')
    at getAdminSettings [90m(/home/obsidian/Projects/Zaines/[39msrc/lib/api/admin-settings.ts:69:44[90m)[39m
    at Module.POST [90m(/home/obsidian/Projects/Zaines/[39msrc/app/api/bookings/route.ts:209:33[90m)[39m
    at [90m/home/obsidian/Projects/Zaines/[39msrc/__tests__/bookings-concurrency.test.ts:306:24
    at [90mfile:///home/obsidian/Projects/Zaines/[39mnode_modules/[4m.pnpm[24m/@vitest+runner@4.0.18/node_modules/[4m@vitest/runner[24m/dist/index.js:915:20

[90mstderr[2m | src/__tests__/bookings-concurrency.test.ts[2m > [22m[2mBooking Concurrency Safety[2m > [22m[2mallows exactly 10 bookings for standard tier (capacity=10)
[22m[39mError fetching admin settings: TypeError: Cannot read properties of undefined (reading 'findMany')
    at getAdminSettings [90m(/home/obsidian/Projects/Zaines/[39msrc/lib/api/admin-settings.ts:69:44[90m)[39m
    at Module.POST [90m(/home/obsidian/Projects/Zaines/[39msrc/app/api/bookings/route.ts:209:33[90m)[39m
    at [90m/home/obsidian/Projects/Zaines/[39msrc/__tests__/bookings-concurrency.test.ts:306:24
    at [90mfile:///home/obsidian/Projects/Zaines/[39mnode_modules/[4m.pnpm[24m/@vitest+runner@4.0.18/node_modules/[4m@vitest/runner[24m/dist/index.js:915:20

[90mstderr[2m | src/__tests__/bookings-concurrency.test.ts[2m > [22m[2mBooking Concurrency Safety[2m > [22m[2mallows exactly 10 bookings for standard tier (capacity=10)
[22m[39mError fetching admin settings: TypeError: Cannot read properties of undefined (reading 'findMany')
    at getAdminSettings [90m(/home/obsidian/Projects/Zaines/[39msrc/lib/api/admin-settings.ts:69:44[90m)[39m
    at Module.POST [90m(/home/obsidian/Projects/Zaines/[39msrc/app/api/bookings/route.ts:209:33[90m)[39m
    at [90m/home/obsidian/Projects/Zaines/[39msrc/__tests__/bookings-concurrency.test.ts:306:24
    at [90mfile:///home/obsidian/Projects/Zaines/[39mnode_modules/[4m.pnpm[24m/@vitest+runner@4.0.18/node_modules/[4m@vitest/runner[24m/dist/index.js:915:20

[90mstderr[2m | src/__tests__/bookings-concurrency.test.ts[2m > [22m[2mBooking Concurrency Safety[2m > [22m[2mallows exactly 10 bookings for standard tier (capacity=10)
[22m[39mError fetching admin settings: TypeError: Cannot read properties of undefined (reading 'findMany')
    at getAdminSettings [90m(/home/obsidian/Projects/Zaines/[39msrc/lib/api/admin-settings.ts:69:44[90m)[39m
    at Module.POST [90m(/home/obsidian/Projects/Zaines/[39msrc/app/api/bookings/route.ts:209:33[90m)[39m
    at [90m/home/obsidian/Projects/Zaines/[39msrc/__tests__/bookings-concurrency.test.ts:306:24
    at [90mfile:///home/obsidian/Projects/Zaines/[39mnode_modules/[4m.pnpm[24m/@vitest+runner@4.0.18/node_modules/[4m@vitest/runner[24m/dist/index.js:915:20

[90mstderr[2m | src/__tests__/bookings-concurrency.test.ts[2m > [22m[2mBooking Concurrency Safety[2m > [22m[2mallows exactly 10 bookings for standard tier (capacity=10)
[22m[39m{"route":"/api/bookings","errorCode":"BOOKING_CREATE_FAILED","correlationId":"bcc74000-d1e6-471d-9962-7f15829ab890","errorType":"Error"}

[90mstderr[2m | src/__tests__/bookings-concurrency.test.ts[2m > [22m[2mBooking Concurrency Safety[2m > [22m[2mallows exactly 10 bookings for standard tier (capacity=10)
[22m[39mError fetching admin settings: TypeError: Cannot read properties of undefined (reading 'findMany')
    at getAdminSettings [90m(/home/obsidian/Projects/Zaines/[39msrc/lib/api/admin-settings.ts:69:44[90m)[39m
    at Module.POST [90m(/home/obsidian/Projects/Zaines/[39msrc/app/api/bookings/route.ts:209:33[90m)[39m
    at [90m/home/obsidian/Projects/Zaines/[39msrc/__tests__/bookings-concurrency.test.ts:306:24
    at [90mfile:///home/obsidian/Projects/Zaines/[39mnode_modules/[4m.pnpm[24m/@vitest+runner@4.0.18/node_modules/[4m@vitest/runner[24m/dist/index.js:915:20

[90mstderr[2m | src/__tests__/bookings-concurrency.test.ts[2m > [22m[2mBooking Concurrency Safety[2m > [22m[2mallows exactly 10 bookings for standard tier (capacity=10)
[22m[39m{"route":"/api/bookings","errorCode":"BOOKING_CREATE_FAILED","correlationId":"ecd5be18-46c0-4bc5-87a5-622e6525e3dd","errorType":"Error"}

[90mstderr[2m | src/__tests__/bookings-concurrency.test.ts[2m > [22m[2mBooking Concurrency Safety[2m > [22m[2mrejects 11th concurrent booking with 409 status
[22m[39mError fetching admin settings: TypeError: Cannot read properties of undefined (reading 'findMany')
    at getAdminSettings [90m(/home/obsidian/Projects/Zaines/[39msrc/lib/api/admin-settings.ts:69:44[90m)[39m
    at Module.POST [90m(/home/obsidian/Projects/Zaines/[39msrc/app/api/bookings/route.ts:209:33[90m)[39m
    at [90m/home/obsidian/Projects/Zaines/[39msrc/__tests__/bookings-concurrency.test.ts:328:24
    at [90mfile:///home/obsidian/Projects/Zaines/[39mnode_modules/[4m.pnpm[24m/@vitest+runner@4.0.18/node_modules/[4m@vitest/runner[24m/dist/index.js:915:20

[90mstderr[2m | src/__tests__/bookings-concurrency.test.ts[2m > [22m[2mBooking Concurrency Safety[2m > [22m[2mrejects 11th concurrent booking with 409 status
[22m[39mError fetching admin settings: TypeError: Cannot read properties of undefined (reading 'findMany')
    at getAdminSettings [90m(/home/obsidian/Projects/Zaines/[39msrc/lib/api/admin-settings.ts:69:44[90m)[39m
    at Module.POST [90m(/home/obsidian/Projects/Zaines/[39msrc/app/api/bookings/route.ts:209:33[90m)[39m
    at [90m/home/obsidian/Projects/Zaines/[39msrc/__tests__/bookings-concurrency.test.ts:328:24
    at [90mfile:///home/obsidian/Projects/Zaines/[39mnode_modules/[4m.pnpm[24m/@vitest+runner@4.0.18/node_modules/[4m@vitest/runner[24m/dist/index.js:915:20

[90mstderr[2m | src/__tests__/bookings-concurrency.test.ts[2m > [22m[2mBooking Concurrency Safety[2m > [22m[2mrejects 11th concurrent booking with 409 status
[22m[39mError fetching admin settings: TypeError: Cannot read properties of undefined (reading 'findMany')
    at getAdminSettings [90m(/home/obsidian/Projects/Zaines/[39msrc/lib/api/admin-settings.ts:69:44[90m)[39m
    at Module.POST [90m(/home/obsidian/Projects/Zaines/[39msrc/app/api/bookings/route.ts:209:33[90m)[39m
    at [90m/home/obsidian/Projects/Zaines/[39msrc/__tests__/bookings-concurrency.test.ts:328:24
    at [90mfile:///home/obsidian/Projects/Zaines/[39mnode_modules/[4m.pnpm[24m/@vitest+runner@4.0.18/node_modules/[4m@vitest/runner[24m/dist/index.js:915:20

[90mstderr[2m | src/__tests__/bookings-concurrency.test.ts[2m > [22m[2mBooking Concurrency Safety[2m > [22m[2mrejects 11th concurrent booking with 409 status
[22m[39mError fetching admin settings: TypeError: Cannot read properties of undefined (reading 'findMany')
    at getAdminSettings [90m(/home/obsidian/Projects/Zaines/[39msrc/lib/api/admin-settings.ts:69:44[90m)[39m
    at Module.POST [90m(/home/obsidian/Projects/Zaines/[39msrc/app/api/bookings/route.ts:209:33[90m)[39m
    at [90m/home/obsidian/Projects/Zaines/[39msrc/__tests__/bookings-concurrency.test.ts:328:24
    at [90mfile:///home/obsidian/Projects/Zaines/[39mnode_modules/[4m.pnpm[24m/@vitest+runner@4.0.18/node_modules/[4m@vitest/runner[24m/dist/index.js:915:20

[90mstderr[2m | src/__tests__/bookings-concurrency.test.ts[2m > [22m[2mBooking Concurrency Safety[2m > [22m[2mrejects 11th concurrent booking with 409 status
[22m[39mError fetching admin settings: TypeError: Cannot read properties of undefined (reading 'findMany')
    at getAdminSettings [90m(/home/obsidian/Projects/Zaines/[39msrc/lib/api/admin-settings.ts:69:44[90m)[39m
    at Module.POST [90m(/home/obsidian/Projects/Zaines/[39msrc/app/api/bookings/route.ts:209:33[90m)[39m
    at [90m/home/obsidian/Projects/Zaines/[39msrc/__tests__/bookings-concurrency.test.ts:328:24
    at [90mfile:///home/obsidian/Projects/Zaines/[39mnode_modules/[4m.pnpm[24m/@vitest+runner@4.0.18/node_modules/[4m@vitest/runner[24m/dist/index.js:915:20

[90mstderr[2m | src/__tests__/bookings-concurrency.test.ts[2m > [22m[2mBooking Concurrency Safety[2m > [22m[2mrejects 11th concurrent booking with 409 status
[22m[39mError fetching admin settings: TypeError: Cannot read properties of undefined (reading 'findMany')
    at getAdminSettings [90m(/home/obsidian/Projects/Zaines/[39msrc/lib/api/admin-settings.ts:69:44[90m)[39m
    at Module.POST [90m(/home/obsidian/Projects/Zaines/[39msrc/app/api/bookings/route.ts:209:33[90m)[39m
    at [90m/home/obsidian/Projects/Zaines/[39msrc/__tests__/bookings-concurrency.test.ts:328:24
    at [90mfile:///home/obsidian/Projects/Zaines/[39mnode_modules/[4m.pnpm[24m/@vitest+runner@4.0.18/node_modules/[4m@vitest/runner[24m/dist/index.js:915:20

[90mstderr[2m | src/__tests__/bookings-concurrency.test.ts[2m > [22m[2mBooking Concurrency Safety[2m > [22m[2mrejects 11th concurrent booking with 409 status
[22m[39mError fetching admin settings: TypeError: Cannot read properties of undefined (reading 'findMany')
    at getAdminSettings [90m(/home/obsidian/Projects/Zaines/[39msrc/lib/api/admin-settings.ts:69:44[90m)[39m
    at Module.POST [90m(/home/obsidian/Projects/Zaines/[39msrc/app/api/bookings/route.ts:209:33[90m)[39m
    at [90m/home/obsidian/Projects/Zaines/[39msrc/__tests__/bookings-concurrency.test.ts:328:24
    at [90mfile:///home/obsidian/Projects/Zaines/[39mnode_modules/[4m.pnpm[24m/@vitest+runner@4.0.18/node_modules/[4m@vitest/runner[24m/dist/index.js:915:20

[90mstderr[2m | src/__tests__/bookings-concurrency.test.ts[2m > [22m[2mBooking Concurrency Safety[2m > [22m[2mrejects 11th concurrent booking with 409 status
[22m[39mError fetching admin settings: TypeError: Cannot read properties of undefined (reading 'findMany')
    at getAdminSettings [90m(/home/obsidian/Projects/Zaines/[39msrc/lib/api/admin-settings.ts:69:44[90m)[39m
    at Module.POST [90m(/home/obsidian/Projects/Zaines/[39msrc/app/api/bookings/route.ts:209:33[90m)[39m
    at [90m/home/obsidian/Projects/Zaines/[39msrc/__tests__/bookings-concurrency.test.ts:328:24
    at [90mfile:///home/obsidian/Projects/Zaines/[39mnode_modules/[4m.pnpm[24m/@vitest+runner@4.0.18/node_modules/[4m@vitest/runner[24m/dist/index.js:915:20

[90mstderr[2m | src/__tests__/bookings-concurrency.test.ts[2m > [22m[2mBooking Concurrency Safety[2m > [22m[2mrejects 11th concurrent booking with 409 status
[22m[39mError fetching admin settings: TypeError: Cannot read properties of undefined (reading 'findMany')
    at getAdminSettings [90m(/home/obsidian/Projects/Zaines/[39msrc/lib/api/admin-settings.ts:69:44[90m)[39m
    at Module.POST [90m(/home/obsidian/Projects/Zaines/[39msrc/app/api/bookings/route.ts:209:33[90m)[39m
    at [90m/home/obsidian/Projects/Zaines/[39msrc/__tests__/bookings-concurrency.test.ts:328:24
    at [90mfile:///home/obsidian/Projects/Zaines/[39mnode_modules/[4m.pnpm[24m/@vitest+runner@4.0.18/node_modules/[4m@vitest/runner[24m/dist/index.js:915:20

[90mstderr[2m | src/__tests__/upload-vaccine-route.test.ts[2m > [22m[2mPOST /api/upload/vaccine[2m > [22m[2mfalls back to local storage when blob upload fails
[22m[39mVercel Blob upload failed: { errorName: [32m'Error'[39m, errorMessage: [32m'blob failed'[39m }

[90mstderr[2m | src/__tests__/bookings-concurrency.test.ts[2m > [22m[2mBooking Concurrency Safety[2m > [22m[2mrejects 11th concurrent booking with 409 status
[22m[39mError fetching admin settings: TypeError: Cannot read properties of undefined (reading 'findMany')
    at getAdminSettings [90m(/home/obsidian/Projects/Zaines/[39msrc/lib/api/admin-settings.ts:69:44[90m)[39m
    at Module.POST [90m(/home/obsidian/Projects/Zaines/[39msrc/app/api/bookings/route.ts:209:33[90m)[39m
    at [90m/home/obsidian/Projects/Zaines/[39msrc/__tests__/bookings-concurrency.test.ts:328:24
    at [90mfile:///home/obsidian/Projects/Zaines/[39mnode_modules/[4m.pnpm[24m/@vitest+runner@4.0.18/node_modules/[4m@vitest/runner[24m/dist/index.js:915:20

[90mstderr[2m | src/__tests__/bookings-concurrency.test.ts[2m > [22m[2mBooking Concurrency Safety[2m > [22m[2mrejects 11th concurrent booking with 409 status
[22m[39mError fetching admin settings: TypeError: Cannot read properties of undefined (reading 'findMany')
    at getAdminSettings [90m(/home/obsidian/Projects/Zaines/[39msrc/lib/api/admin-settings.ts:69:44[90m)[39m
    at Module.POST [90m(/home/obsidian/Projects/Zaines/[39msrc/app/api/bookings/route.ts:209:33[90m)[39m
    at [90m/home/obsidian/Projects/Zaines/[39msrc/__tests__/bookings-concurrency.test.ts:334:22
    at [90mfile:///home/obsidian/Projects/Zaines/[39mnode_modules/[4m.pnpm[24m/@vitest+runner@4.0.18/node_modules/[4m@vitest/runner[24m/dist/index.js:915:20

[90mstderr[2m | src/__tests__/bookings-concurrency.test.ts[2m > [22m[2mBooking Concurrency Safety[2m > [22m[2mrejects 11th concurrent booking with 409 status
[22m[39m{"route":"/api/bookings","errorCode":"BOOKING_CREATE_FAILED","correlationId":"389b951d-de55-437f-bf39-c87e84341f9d","errorType":"Error"}

[90mstderr[2m | src/__tests__/upload-vaccine-route.test.ts[2m > [22m[2mPOST /api/upload/vaccine[2m > [22m[2muses database-inline fallback when file storage is unavailable for existing pets
[22m[39mVercel Blob upload failed: { errorName: [32m'Error'[39m, errorMessage: [32m'blob failed'[39m }

[90mstderr[2m | src/__tests__/upload-vaccine-route.test.ts[2m > [22m[2mPOST /api/upload/vaccine[2m > [22m[2muses database-inline fallback when file storage is unavailable for existing pets
[22m[39mFailed to create uploads directory: {
  path: [32m'/home/obsidian/Projects/Zaines/public/uploads/vaccines'[39m,
  cwd: [32m'/home/obsidian/Projects/Zaines'[39m,
  errorName: [32m'Error'[39m,
  errorMessage: [32m'read-only filesystem'[39m
}

 [32m✓[39m src/__tests__/upload-vaccine-route.test.ts [2m([22m[2m5 tests[22m[2m)[22m[32m 100[2mms[22m[39m
[90mstderr[2m | src/__tests__/bookings-concurrency.test.ts[2m > [22m[2mBooking Concurrency Safety[2m > [22m[2mhandles concurrent bookings across different suite tiers independently
[22m[39mError fetching admin settings: TypeError: Cannot read properties of undefined (reading 'findMany')
    at getAdminSettings [90m(/home/obsidian/Projects/Zaines/[39msrc/lib/api/admin-settings.ts:69:44[90m)[39m
    at Module.POST [90m(/home/obsidian/Projects/Zaines/[39msrc/app/api/bookings/route.ts:209:33[90m)[39m
    at async Promise.all (index 0)
    at [90m/home/obsidian/Projects/Zaines/[39msrc/__tests__/bookings-concurrency.test.ts:359:23
    at [90mfile:///home/obsidian/Projects/Zaines/[39mnode_modules/[4m.pnpm[24m/@vitest+runner@4.0.18/node_modules/[4m@vitest/runner[24m/dist/index.js:915:20
Error fetching admin settings: TypeError: Cannot read properties of undefined (reading 'findMany')
    at getAdminSettings [90m(/home/obsidian/Projects/Zaines/[39msrc/lib/api/admin-settings.ts:69:44[90m)[39m
    at Module.POST [90m(/home/obsidian/Projects/Zaines/[39msrc/app/api/bookings/route.ts:209:33[90m)[39m
    at async Promise.all (index 1)
    at [90m/home/obsidian/Projects/Zaines/[39msrc/__tests__/bookings-concurrency.test.ts:359:23
    at [90mfile:///home/obsidian/Projects/Zaines/[39mnode_modules/[4m.pnpm[24m/@vitest+runner@4.0.18/node_modules/[4m@vitest/runner[24m/dist/index.js:915:20
Error fetching admin settings: TypeError: Cannot read properties of undefined (reading 'findMany')
    at getAdminSettings [90m(/home/obsidian/Projects/Zaines/[39msrc/lib/api/admin-settings.ts:69:44[90m)[39m
    at Module.POST [90m(/home/obsidian/Projects/Zaines/[39msrc/app/api/bookings/route.ts:209:33[90m)[39m
    at async Promise.all (index 2)
    at [90m/home/obsidian/Projects/Zaines/[39msrc/__tests__/bookings-concurrency.test.ts:359:23
    at [90mfile:///home/obsidian/Projects/Zaines/[39mnode_modules/[4m.pnpm[24m/@vitest+runner@4.0.18/node_modules/[4m@vitest/runner[24m/dist/index.js:915:20
Error fetching admin settings: TypeError: Cannot read properties of undefined (reading 'findMany')
    at getAdminSettings [90m(/home/obsidian/Projects/Zaines/[39msrc/lib/api/admin-settings.ts:69:44[90m)[39m
    at Module.POST [90m(/home/obsidian/Projects/Zaines/[39msrc/app/api/bookings/route.ts:209:33[90m)[39m
    at async Promise.all (index 3)
    at [90m/home/obsidian/Projects/Zaines/[39msrc/__tests__/bookings-concurrency.test.ts:359:23
    at [90mfile:///home/obsidian/Projects/Zaines/[39mnode_modules/[4m.pnpm[24m/@vitest+runner@4.0.18/node_modules/[4m@vitest/runner[24m/dist/index.js:915:20
Error fetching admin settings: TypeError: Cannot read properties of undefined (reading 'findMany')
    at getAdminSettings [90m(/home/obsidian/Projects/Zaines/[39msrc/lib/api/admin-settings.ts:69:44[90m)[39m
    at Module.POST [90m(/home/obsidian/Projects/Zaines/[39msrc/app/api/bookings/route.ts:209:33[90m)[39m
    at async Promise.all (index 4)
    at [90m/home/obsidian/Projects/Zaines/[39msrc/__tests__/bookings-concurrency.test.ts:359:23
    at [90mfile:///home/obsidian/Projects/Zaines/[39mnode_modules/[4m.pnpm[24m/@vitest+runner@4.0.18/node_modules/[4m@vitest/runner[24m/dist/index.js:915:20
Error fetching admin settings: TypeError: Cannot read properties of undefined (reading 'findMany')
    at getAdminSettings [90m(/home/obsidian/Projects/Zaines/[39msrc/lib/api/admin-settings.ts:69:44[90m)[39m
    at Module.POST [90m(/home/obsidian/Projects/Zaines/[39msrc/app/api/bookings/route.ts:209:33[90m)[39m
    at async Promise.all (index 5)
    at [90m/home/obsidian/Projects/Zaines/[39msrc/__tests__/bookings-concurrency.test.ts:359:23
    at [90mfile:///home/obsidian/Projects/Zaines/[39mnode_modules/[4m.pnpm[24m/@vitest+runner@4.0.18/node_modules/[4m@vitest/runner[24m/dist/index.js:915:20
Error fetching admin settings: TypeError: Cannot read properties of undefined (reading 'findMany')
    at getAdminSettings [90m(/home/obsidian/Projects/Zaines/[39msrc/lib/api/admin-settings.ts:69:44[90m)[39m
    at Module.POST [90m(/home/obsidian/Projects/Zaines/[39msrc/app/api/bookings/route.ts:209:33[90m)[39m
    at async Promise.all (index 6)
    at [90m/home/obsidian/Projects/Zaines/[39msrc/__tests__/bookings-concurrency.test.ts:359:23
    at [90mfile:///home/obsidian/Projects/Zaines/[39mnode_modules/[4m.pnpm[24m/@vitest+runner@4.0.18/node_modules/[4m@vitest/runner[24m/dist/index.js:915:20
Error fetching admin settings: TypeError: Cannot read properties of undefined (reading 'findMany')
    at getAdminSettings [90m(/home/obsidian/Projects/Zaines/[39msrc/lib/api/admin-settings.ts:69:44[90m)[39m
    at Module.POST [90m(/home/obsidian/Projects/Zaines/[39msrc/app/api/bookings/route.ts:209:33[90m)[39m
    at async Promise.all (index 7)
    at [90m/home/obsidian/Projects/Zaines/[39msrc/__tests__/bookings-concurrency.test.ts:359:23
    at [90mfile:///home/obsidian/Projects/Zaines/[39mnode_modules/[4m.pnpm[24m/@vitest+runner@4.0.18/node_modules/[4m@vitest/runner[24m/dist/index.js:915:20
Error fetching admin settings: TypeError: Cannot read properties of undefined (reading 'findMany')
    at getAdminSettings [90m(/home/obsidian/Projects/Zaines/[39msrc/lib/api/admin-settings.ts:69:44[90m)[39m
    at Module.POST [90m(/home/obsidian/Projects/Zaines/[39msrc/app/api/bookings/route.ts:209:33[90m)[39m
    at async Promise.all (index 8)
    at [90m/home/obsidian/Projects/Zaines/[39msrc/__tests__/bookings-concurrency.test.ts:359:23
    at [90mfile:///home/obsidian/Projects/Zaines/[39mnode_modules/[4m.pnpm[24m/@vitest+runner@4.0.18/node_modules/[4m@vitest/runner[24m/dist/index.js:915:20
Error fetching admin settings: TypeError: Cannot read properties of undefined (reading 'findMany')
    at getAdminSettings [90m(/home/obsidian/Projects/Zaines/[39msrc/lib/api/admin-settings.ts:69:44[90m)[39m
    at Module.POST [90m(/home/obsidian/Projects/Zaines/[39msrc/app/api/bookings/route.ts:209:33[90m)[39m
    at async Promise.all (index 9)
    at [90m/home/obsidian/Projects/Zaines/[39msrc/__tests__/bookings-concurrency.test.ts:359:23
    at [90mfile:///home/obsidian/Projects/Zaines/[39mnode_modules/[4m.pnpm[24m/@vitest+runner@4.0.18/node_modules/[4m@vitest/runner[24m/dist/index.js:915:20
Error fetching admin settings: TypeError: Cannot read properties of undefined (reading 'findMany')
    at getAdminSettings [90m(/home/obsidian/Projects/Zaines/[39msrc/lib/api/admin-settings.ts:69:44[90m)[39m
    at Module.POST [90m(/home/obsidian/Projects/Zaines/[39msrc/app/api/bookings/route.ts:209:33[90m)[39m
    at async Promise.all (index 10)
    at [90m/home/obsidian/Projects/Zaines/[39msrc/__tests__/bookings-concurrency.test.ts:359:23
    at [90mfile:///home/obsidian/Projects/Zaines/[39mnode_modules/[4m.pnpm[24m/@vitest+runner@4.0.18/node_modules/[4m@vitest/runner[24m/dist/index.js:915:20
Error fetching admin settings: TypeError: Cannot read properties of undefined (reading 'findMany')
    at getAdminSettings [90m(/home/obsidian/Projects/Zaines/[39msrc/lib/api/admin-settings.ts:69:44[90m)[39m
    at Module.POST [90m(/home/obsidian/Projects/Zaines/[39msrc/app/api/bookings/route.ts:209:33[90m)[39m
    at async Promise.all (index 11)
    at [90m/home/obsidian/Projects/Zaines/[39msrc/__tests__/bookings-concurrency.test.ts:359:23
    at [90mfile:///home/obsidian/Projects/Zaines/[39mnode_modules/[4m.pnpm[24m/@vitest+runner@4.0.18/node_modules/[4m@vitest/runner[24m/dist/index.js:915:20
Error fetching admin settings: TypeError: Cannot read properties of undefined (reading 'findMany')
    at getAdminSettings [90m(/home/obsidian/Projects/Zaines/[39msrc/lib/api/admin-settings.ts:69:44[90m)[39m
    at Module.POST [90m(/home/obsidian/Projects/Zaines/[39msrc/app/api/bookings/route.ts:209:33[90m)[39m
    at async Promise.all (index 12)
    at [90m/home/obsidian/Projects/Zaines/[39msrc/__tests__/bookings-concurrency.test.ts:359:23
    at [90mfile:///home/obsidian/Projects/Zaines/[39mnode_modules/[4m.pnpm[24m/@vitest+runner@4.0.18/node_modules/[4m@vitest/runner[24m/dist/index.js:915:20

[90mstderr[2m | src/__tests__/bookings-concurrency.test.ts[2m > [22m[2mBooking Concurrency Safety[2m > [22m[2mrespects capacity limits for deluxe tier (capacity=8)
[22m[39mError fetching admin settings: TypeError: Cannot read properties of undefined (reading 'findMany')
    at getAdminSettings [90m(/home/obsidian/Projects/Zaines/[39msrc/lib/api/admin-settings.ts:69:44[90m)[39m
    at Module.POST [90m(/home/obsidian/Projects/Zaines/[39msrc/app/api/bookings/route.ts:209:33[90m)[39m
    at [90m/home/obsidian/Projects/Zaines/[39msrc/__tests__/bookings-concurrency.test.ts:379:24
    at [90mfile:///home/obsidian/Projects/Zaines/[39mnode_modules/[4m.pnpm[24m/@vitest+runner@4.0.18/node_modules/[4m@vitest/runner[24m/dist/index.js:915:20

[90mstderr[2m | src/__tests__/bookings-concurrency.test.ts[2m > [22m[2mBooking Concurrency Safety[2m > [22m[2mrespects capacity limits for deluxe tier (capacity=8)
[22m[39mError fetching admin settings: TypeError: Cannot read properties of undefined (reading 'findMany')
    at getAdminSettings [90m(/home/obsidian/Projects/Zaines/[39msrc/lib/api/admin-settings.ts:69:44[90m)[39m
    at Module.POST [90m(/home/obsidian/Projects/Zaines/[39msrc/app/api/bookings/route.ts:209:33[90m)[39m
    at [90m/home/obsidian/Projects/Zaines/[39msrc/__tests__/bookings-concurrency.test.ts:379:24
    at [90mfile:///home/obsidian/Projects/Zaines/[39mnode_modules/[4m.pnpm[24m/@vitest+runner@4.0.18/node_modules/[4m@vitest/runner[24m/dist/index.js:915:20

[90mstderr[2m | src/__tests__/bookings-concurrency.test.ts[2m > [22m[2mBooking Concurrency Safety[2m > [22m[2mrespects capacity limits for deluxe tier (capacity=8)
[22m[39mError fetching admin settings: TypeError: Cannot read properties of undefined (reading 'findMany')
    at getAdminSettings [90m(/home/obsidian/Projects/Zaines/[39msrc/lib/api/admin-settings.ts:69:44[90m)[39m
    at Module.POST [90m(/home/obsidian/Projects/Zaines/[39msrc/app/api/bookings/route.ts:209:33[90m)[39m
    at [90m/home/obsidian/Projects/Zaines/[39msrc/__tests__/bookings-concurrency.test.ts:379:24
    at [90mfile:///home/obsidian/Projects/Zaines/[39mnode_modules/[4m.pnpm[24m/@vitest+runner@4.0.18/node_modules/[4m@vitest/runner[24m/dist/index.js:915:20

[90mstderr[2m | src/__tests__/bookings-concurrency.test.ts[2m > [22m[2mBooking Concurrency Safety[2m > [22m[2mrespects capacity limits for deluxe tier (capacity=8)
[22m[39mError fetching admin settings: TypeError: Cannot read properties of undefined (reading 'findMany')
    at getAdminSettings [90m(/home/obsidian/Projects/Zaines/[39msrc/lib/api/admin-settings.ts:69:44[90m)[39m
    at Module.POST [90m(/home/obsidian/Projects/Zaines/[39msrc/app/api/bookings/route.ts:209:33[90m)[39m
    at [90m/home/obsidian/Projects/Zaines/[39msrc/__tests__/bookings-concurrency.test.ts:379:24
    at [90mfile:///home/obsidian/Projects/Zaines/[39mnode_modules/[4m.pnpm[24m/@vitest+runner@4.0.18/node_modules/[4m@vitest/runner[24m/dist/index.js:915:20

[90mstderr[2m | src/__tests__/bookings-concurrency.test.ts[2m > [22m[2mBooking Concurrency Safety[2m > [22m[2mrespects capacity limits for deluxe tier (capacity=8)
[22m[39mError fetching admin settings: TypeError: Cannot read properties of undefined (reading 'findMany')
    at getAdminSettings [90m(/home/obsidian/Projects/Zaines/[39msrc/lib/api/admin-settings.ts:69:44[90m)[39m
    at Module.POST [90m(/home/obsidian/Projects/Zaines/[39msrc/app/api/bookings/route.ts:209:33[90m)[39m
    at [90m/home/obsidian/Projects/Zaines/[39msrc/__tests__/bookings-concurrency.test.ts:379:24
    at [90mfile:///home/obsidian/Projects/Zaines/[39mnode_modules/[4m.pnpm[24m/@vitest+runner@4.0.18/node_modules/[4m@vitest/runner[24m/dist/index.js:915:20

[90mstderr[2m | src/__tests__/bookings-concurrency.test.ts[2m > [22m[2mBooking Concurrency Safety[2m > [22m[2mrespects capacity limits for deluxe tier (capacity=8)
[22m[39mError fetching admin settings: TypeError: Cannot read properties of undefined (reading 'findMany')
    at getAdminSettings [90m(/home/obsidian/Projects/Zaines/[39msrc/lib/api/admin-settings.ts:69:44[90m)[39m
    at Module.POST [90m(/home/obsidian/Projects/Zaines/[39msrc/app/api/bookings/route.ts:209:33[90m)[39m
    at [90m/home/obsidian/Projects/Zaines/[39msrc/__tests__/bookings-concurrency.test.ts:379:24
    at [90mfile:///home/obsidian/Projects/Zaines/[39mnode_modules/[4m.pnpm[24m/@vitest+runner@4.0.18/node_modules/[4m@vitest/runner[24m/dist/index.js:915:20

[90mstderr[2m | src/__tests__/bookings-concurrency.test.ts[2m > [22m[2mBooking Concurrency Safety[2m > [22m[2mrespects capacity limits for deluxe tier (capacity=8)
[22m[39mError fetching admin settings: TypeError: Cannot read properties of undefined (reading 'findMany')
    at getAdminSettings [90m(/home/obsidian/Projects/Zaines/[39msrc/lib/api/admin-settings.ts:69:44[90m)[39m
    at Module.POST [90m(/home/obsidian/Projects/Zaines/[39msrc/app/api/bookings/route.ts:209:33[90m)[39m
    at [90m/home/obsidian/Projects/Zaines/[39msrc/__tests__/bookings-concurrency.test.ts:379:24
    at [90mfile:///home/obsidian/Projects/Zaines/[39mnode_modules/[4m.pnpm[24m/@vitest+runner@4.0.18/node_modules/[4m@vitest/runner[24m/dist/index.js:915:20

[90mstderr[2m | src/__tests__/bookings-concurrency.test.ts[2m > [22m[2mBooking Concurrency Safety[2m > [22m[2mrespects capacity limits for deluxe tier (capacity=8)
[22m[39mError fetching admin settings: TypeError: Cannot read properties of undefined (reading 'findMany')
    at getAdminSettings [90m(/home/obsidian/Projects/Zaines/[39msrc/lib/api/admin-settings.ts:69:44[90m)[39m
    at Module.POST [90m(/home/obsidian/Projects/Zaines/[39msrc/app/api/bookings/route.ts:209:33[90m)[39m
    at [90m/home/obsidian/Projects/Zaines/[39msrc/__tests__/bookings-concurrency.test.ts:379:24
    at [90mfile:///home/obsidian/Projects/Zaines/[39mnode_modules/[4m.pnpm[24m/@vitest+runner@4.0.18/node_modules/[4m@vitest/runner[24m/dist/index.js:915:20

[90mstderr[2m | src/__tests__/bookings-concurrency.test.ts[2m > [22m[2mBooking Concurrency Safety[2m > [22m[2mrespects capacity limits for deluxe tier (capacity=8)
[22m[39mError fetching admin settings: TypeError: Cannot read properties of undefined (reading 'findMany')
    at getAdminSettings [90m(/home/obsidian/Projects/Zaines/[39msrc/lib/api/admin-settings.ts:69:44[90m)[39m
    at Module.POST [90m(/home/obsidian/Projects/Zaines/[39msrc/app/api/bookings/route.ts:209:33[90m)[39m
    at [90m/home/obsidian/Projects/Zaines/[39msrc/__tests__/bookings-concurrency.test.ts:379:24
    at [90mfile:///home/obsidian/Projects/Zaines/[39mnode_modules/[4m.pnpm[24m/@vitest+runner@4.0.18/node_modules/[4m@vitest/runner[24m/dist/index.js:915:20

[90mstderr[2m | src/__tests__/bookings-concurrency.test.ts[2m > [22m[2mBooking Concurrency Safety[2m > [22m[2mrespects capacity limits for deluxe tier (capacity=8)
[22m[39m{"route":"/api/bookings","errorCode":"BOOKING_CREATE_FAILED","correlationId":"ef497440-a2bf-4b20-95f8-163bb5663c25","errorType":"Error"}

[90mstderr[2m | src/__tests__/bookings-concurrency.test.ts[2m > [22m[2mBooking Concurrency Safety[2m > [22m[2mrespects capacity limits for deluxe tier (capacity=8)
[22m[39mError fetching admin settings: TypeError: Cannot read properties of undefined (reading 'findMany')
    at getAdminSettings [90m(/home/obsidian/Projects/Zaines/[39msrc/lib/api/admin-settings.ts:69:44[90m)[39m
    at Module.POST [90m(/home/obsidian/Projects/Zaines/[39msrc/app/api/bookings/route.ts:209:33[90m)[39m
    at [90m/home/obsidian/Projects/Zaines/[39msrc/__tests__/bookings-concurrency.test.ts:379:24
    at [90mfile:///home/obsidian/Projects/Zaines/[39mnode_modules/[4m.pnpm[24m/@vitest+runner@4.0.18/node_modules/[4m@vitest/runner[24m/dist/index.js:915:20

[90mstderr[2m | src/__tests__/bookings-concurrency.test.ts[2m > [22m[2mBooking Concurrency Safety[2m > [22m[2mrespects capacity limits for deluxe tier (capacity=8)
[22m[39m{"route":"/api/bookings","errorCode":"BOOKING_CREATE_FAILED","correlationId":"a4a03434-c9a2-4bc6-97bf-323f60013fce","errorType":"Error"}

[90mstderr[2m | src/__tests__/bookings-concurrency.test.ts[2m > [22m[2mBooking Concurrency Safety[2m > [22m[2mrespects capacity limits for luxury tier (capacity=5)
[22m[39mError fetching admin settings: TypeError: Cannot read properties of undefined (reading 'findMany')
    at getAdminSettings [90m(/home/obsidian/Projects/Zaines/[39msrc/lib/api/admin-settings.ts:69:44[90m)[39m
    at Module.POST [90m(/home/obsidian/Projects/Zaines/[39msrc/app/api/bookings/route.ts:209:33[90m)[39m
    at [90m/home/obsidian/Projects/Zaines/[39msrc/__tests__/bookings-concurrency.test.ts:398:24
    at [90mfile:///home/obsidian/Projects/Zaines/[39mnode_modules/[4m.pnpm[24m/@vitest+runner@4.0.18/node_modules/[4m@vitest/runner[24m/dist/index.js:915:20

[90mstderr[2m | src/__tests__/bookings-concurrency.test.ts[2m > [22m[2mBooking Concurrency Safety[2m > [22m[2mrespects capacity limits for luxury tier (capacity=5)
[22m[39mError fetching admin settings: TypeError: Cannot read properties of undefined (reading 'findMany')
    at getAdminSettings [90m(/home/obsidian/Projects/Zaines/[39msrc/lib/api/admin-settings.ts:69:44[90m)[39m
    at Module.POST [90m(/home/obsidian/Projects/Zaines/[39msrc/app/api/bookings/route.ts:209:33[90m)[39m
    at [90m/home/obsidian/Projects/Zaines/[39msrc/__tests__/bookings-concurrency.test.ts:398:24
    at [90mfile:///home/obsidian/Projects/Zaines/[39mnode_modules/[4m.pnpm[24m/@vitest+runner@4.0.18/node_modules/[4m@vitest/runner[24m/dist/index.js:915:20

[90mstderr[2m | src/__tests__/bookings-concurrency.test.ts[2m > [22m[2mBooking Concurrency Safety[2m > [22m[2mrespects capacity limits for luxury tier (capacity=5)
[22m[39mError fetching admin settings: TypeError: Cannot read properties of undefined (reading 'findMany')
    at getAdminSettings [90m(/home/obsidian/Projects/Zaines/[39msrc/lib/api/admin-settings.ts:69:44[90m)[39m
    at Module.POST [90m(/home/obsidian/Projects/Zaines/[39msrc/app/api/bookings/route.ts:209:33[90m)[39m
    at [90m/home/obsidian/Projects/Zaines/[39msrc/__tests__/bookings-concurrency.test.ts:398:24
    at [90mfile:///home/obsidian/Projects/Zaines/[39mnode_modules/[4m.pnpm[24m/@vitest+runner@4.0.18/node_modules/[4m@vitest/runner[24m/dist/index.js:915:20

[90mstderr[2m | src/__tests__/bookings-concurrency.test.ts[2m > [22m[2mBooking Concurrency Safety[2m > [22m[2mrespects capacity limits for luxury tier (capacity=5)
[22m[39mError fetching admin settings: TypeError: Cannot read properties of undefined (reading 'findMany')
    at getAdminSettings [90m(/home/obsidian/Projects/Zaines/[39msrc/lib/api/admin-settings.ts:69:44[90m)[39m
    at Module.POST [90m(/home/obsidian/Projects/Zaines/[39msrc/app/api/bookings/route.ts:209:33[90m)[39m
    at [90m/home/obsidian/Projects/Zaines/[39msrc/__tests__/bookings-concurrency.test.ts:398:24
    at [90mfile:///home/obsidian/Projects/Zaines/[39mnode_modules/[4m.pnpm[24m/@vitest+runner@4.0.18/node_modules/[4m@vitest/runner[24m/dist/index.js:915:20

[90mstderr[2m | src/__tests__/bookings-concurrency.test.ts[2m > [22m[2mBooking Concurrency Safety[2m > [22m[2mrespects capacity limits for luxury tier (capacity=5)
[22m[39mError fetching admin settings: TypeError: Cannot read properties of undefined (reading 'findMany')
    at getAdminSettings [90m(/home/obsidian/Projects/Zaines/[39msrc/lib/api/admin-settings.ts:69:44[90m)[39m
    at Module.POST [90m(/home/obsidian/Projects/Zaines/[39msrc/app/api/bookings/route.ts:209:33[90m)[39m
    at [90m/home/obsidian/Projects/Zaines/[39msrc/__tests__/bookings-concurrency.test.ts:398:24
    at [90mfile:///home/obsidian/Projects/Zaines/[39mnode_modules/[4m.pnpm[24m/@vitest+runner@4.0.18/node_modules/[4m@vitest/runner[24m/dist/index.js:915:20

[90mstderr[2m | src/__tests__/bookings-concurrency.test.ts[2m > [22m[2mBooking Concurrency Safety[2m > [22m[2mrespects capacity limits for luxury tier (capacity=5)
[22m[39mError fetching admin settings: TypeError: Cannot read properties of undefined (reading 'findMany')
    at getAdminSettings [90m(/home/obsidian/Projects/Zaines/[39msrc/lib/api/admin-settings.ts:69:44[90m)[39m
    at Module.POST [90m(/home/obsidian/Projects/Zaines/[39msrc/app/api/bookings/route.ts:209:33[90m)[39m
    at [90m/home/obsidian/Projects/Zaines/[39msrc/__tests__/bookings-concurrency.test.ts:398:24
    at [90mfile:///home/obsidian/Projects/Zaines/[39mnode_modules/[4m.pnpm[24m/@vitest+runner@4.0.18/node_modules/[4m@vitest/runner[24m/dist/index.js:915:20

[90mstderr[2m | src/__tests__/bookings-concurrency.test.ts[2m > [22m[2mBooking Concurrency Safety[2m > [22m[2mrespects capacity limits for luxury tier (capacity=5)
[22m[39m{"route":"/api/bookings","errorCode":"BOOKING_CREATE_FAILED","correlationId":"7b5bc820-c304-4af9-bb1d-2420f9738761","errorType":"Error"}

[90mstderr[2m | src/__tests__/bookings-concurrency.test.ts[2m > [22m[2mBooking Concurrency Safety[2m > [22m[2mrespects capacity limits for luxury tier (capacity=5)
[22m[39mError fetching admin settings: TypeError: Cannot read properties of undefined (reading 'findMany')
    at getAdminSettings [90m(/home/obsidian/Projects/Zaines/[39msrc/lib/api/admin-settings.ts:69:44[90m)[39m
    at Module.POST [90m(/home/obsidian/Projects/Zaines/[39msrc/app/api/bookings/route.ts:209:33[90m)[39m
    at [90m/home/obsidian/Projects/Zaines/[39msrc/__tests__/bookings-concurrency.test.ts:398:24
    at [90mfile:///home/obsidian/Projects/Zaines/[39mnode_modules/[4m.pnpm[24m/@vitest+runner@4.0.18/node_modules/[4m@vitest/runner[24m/dist/index.js:915:20

[90mstderr[2m | src/__tests__/bookings-concurrency.test.ts[2m > [22m[2mBooking Concurrency Safety[2m > [22m[2mrespects capacity limits for luxury tier (capacity=5)
[22m[39m{"route":"/api/bookings","errorCode":"BOOKING_CREATE_FAILED","correlationId":"35169334-33e1-453d-81eb-1bb650b55208","errorType":"Error"}

[90mstderr[2m | src/__tests__/bookings-concurrency.test.ts[2m > [22m[2mBooking Concurrency Safety[2m > [22m[2mrespects capacity limits for luxury tier (capacity=5)
[22m[39mError fetching admin settings: TypeError: Cannot read properties of undefined (reading 'findMany')
    at getAdminSettings [90m(/home/obsidian/Projects/Zaines/[39msrc/lib/api/admin-settings.ts:69:44[90m)[39m
    at Module.POST [90m(/home/obsidian/Projects/Zaines/[39msrc/app/api/bookings/route.ts:209:33[90m)[39m
    at [90m/home/obsidian/Projects/Zaines/[39msrc/__tests__/bookings-concurrency.test.ts:398:24
    at [90mfile:///home/obsidian/Projects/Zaines/[39mnode_modules/[4m.pnpm[24m/@vitest+runner@4.0.18/node_modules/[4m@vitest/runner[24m/dist/index.js:915:20

[90mstderr[2m | src/__tests__/bookings-concurrency.test.ts[2m > [22m[2mBooking Concurrency Safety[2m > [22m[2mrespects capacity limits for luxury tier (capacity=5)
[22m[39m{"route":"/api/bookings","errorCode":"BOOKING_CREATE_FAILED","correlationId":"c5de1ae5-3fb1-4430-8ea8-7d05f4ff6626","errorType":"Error"}

[90mstderr[2m | src/__tests__/bookings-concurrency.test.ts[2m > [22m[2mBooking Concurrency Safety[2m > [22m[2mreturns proper error codes for capacity exceeded
[22m[39mError fetching admin settings: TypeError: Cannot read properties of undefined (reading 'findMany')
    at getAdminSettings [90m(/home/obsidian/Projects/Zaines/[39msrc/lib/api/admin-settings.ts:69:44[90m)[39m
    at Module.POST [90m(/home/obsidian/Projects/Zaines/[39msrc/app/api/bookings/route.ts:209:33[90m)[39m
    at [90m/home/obsidian/Projects/Zaines/[39msrc/__tests__/bookings-concurrency.test.ts:414:7
    at [90mfile:///home/obsidian/Projects/Zaines/[39mnode_modules/[4m.pnpm[24m/@vitest+runner@4.0.18/node_modules/[4m@vitest/runner[24m/dist/index.js:915:20

[90mstderr[2m | src/__tests__/bookings-concurrency.test.ts[2m > [22m[2mBooking Concurrency Safety[2m > [22m[2mreturns proper error codes for capacity exceeded
[22m[39mError fetching admin settings: TypeError: Cannot read properties of undefined (reading 'findMany')
    at getAdminSettings [90m(/home/obsidian/Projects/Zaines/[39msrc/lib/api/admin-settings.ts:69:44[90m)[39m
    at Module.POST [90m(/home/obsidian/Projects/Zaines/[39msrc/app/api/bookings/route.ts:209:33[90m)[39m
    at [90m/home/obsidian/Projects/Zaines/[39msrc/__tests__/bookings-concurrency.test.ts:414:7
    at [90mfile:///home/obsidian/Projects/Zaines/[39mnode_modules/[4m.pnpm[24m/@vitest+runner@4.0.18/node_modules/[4m@vitest/runner[24m/dist/index.js:915:20

[90mstderr[2m | src/__tests__/bookings-concurrency.test.ts[2m > [22m[2mBooking Concurrency Safety[2m > [22m[2mreturns proper error codes for capacity exceeded
[22m[39mError fetching admin settings: TypeError: Cannot read properties of undefined (reading 'findMany')
    at getAdminSettings [90m(/home/obsidian/Projects/Zaines/[39msrc/lib/api/admin-settings.ts:69:44[90m)[39m
    at Module.POST [90m(/home/obsidian/Projects/Zaines/[39msrc/app/api/bookings/route.ts:209:33[90m)[39m
    at [90m/home/obsidian/Projects/Zaines/[39msrc/__tests__/bookings-concurrency.test.ts:414:7
    at [90mfile:///home/obsidian/Projects/Zaines/[39mnode_modules/[4m.pnpm[24m/@vitest+runner@4.0.18/node_modules/[4m@vitest/runner[24m/dist/index.js:915:20

[90mstderr[2m | src/__tests__/bookings-concurrency.test.ts[2m > [22m[2mBooking Concurrency Safety[2m > [22m[2mreturns proper error codes for capacity exceeded
[22m[39mError fetching admin settings: TypeError: Cannot read properties of undefined (reading 'findMany')
    at getAdminSettings [90m(/home/obsidian/Projects/Zaines/[39msrc/lib/api/admin-settings.ts:69:44[90m)[39m
    at Module.POST [90m(/home/obsidian/Projects/Zaines/[39msrc/app/api/bookings/route.ts:209:33[90m)[39m
    at [90m/home/obsidian/Projects/Zaines/[39msrc/__tests__/bookings-concurrency.test.ts:414:7
    at [90mfile:///home/obsidian/Projects/Zaines/[39mnode_modules/[4m.pnpm[24m/@vitest+runner@4.0.18/node_modules/[4m@vitest/runner[24m/dist/index.js:915:20

[90mstderr[2m | src/__tests__/bookings-concurrency.test.ts[2m > [22m[2mBooking Concurrency Safety[2m > [22m[2mreturns proper error codes for capacity exceeded
[22m[39mError fetching admin settings: TypeError: Cannot read properties of undefined (reading 'findMany')
    at getAdminSettings [90m(/home/obsidian/Projects/Zaines/[39msrc/lib/api/admin-settings.ts:69:44[90m)[39m
    at Module.POST [90m(/home/obsidian/Projects/Zaines/[39msrc/app/api/bookings/route.ts:209:33[90m)[39m
    at [90m/home/obsidian/Projects/Zaines/[39msrc/__tests__/bookings-concurrency.test.ts:414:7
    at [90mfile:///home/obsidian/Projects/Zaines/[39mnode_modules/[4m.pnpm[24m/@vitest+runner@4.0.18/node_modules/[4m@vitest/runner[24m/dist/index.js:915:20

[90mstderr[2m | src/__tests__/bookings-concurrency.test.ts[2m > [22m[2mBooking Concurrency Safety[2m > [22m[2mreturns proper error codes for capacity exceeded
[22m[39mError fetching admin settings: TypeError: Cannot read properties of undefined (reading 'findMany')
    at getAdminSettings [90m(/home/obsidian/Projects/Zaines/[39msrc/lib/api/admin-settings.ts:69:44[90m)[39m
    at Module.POST [90m(/home/obsidian/Projects/Zaines/[39msrc/app/api/bookings/route.ts:209:33[90m)[39m
    at [90m/home/obsidian/Projects/Zaines/[39msrc/__tests__/bookings-concurrency.test.ts:414:7
    at [90mfile:///home/obsidian/Projects/Zaines/[39mnode_modules/[4m.pnpm[24m/@vitest+runner@4.0.18/node_modules/[4m@vitest/runner[24m/dist/index.js:915:20

[90mstderr[2m | src/__tests__/bookings-concurrency.test.ts[2m > [22m[2mBooking Concurrency Safety[2m > [22m[2mreturns proper error codes for capacity exceeded
[22m[39mError fetching admin settings: TypeError: Cannot read properties of undefined (reading 'findMany')
    at getAdminSettings [90m(/home/obsidian/Projects/Zaines/[39msrc/lib/api/admin-settings.ts:69:44[90m)[39m
    at Module.POST [90m(/home/obsidian/Projects/Zaines/[39msrc/app/api/bookings/route.ts:209:33[90m)[39m
    at [90m/home/obsidian/Projects/Zaines/[39msrc/__tests__/bookings-concurrency.test.ts:414:7
    at [90mfile:///home/obsidian/Projects/Zaines/[39mnode_modules/[4m.pnpm[24m/@vitest+runner@4.0.18/node_modules/[4m@vitest/runner[24m/dist/index.js:915:20

[90mstderr[2m | src/__tests__/bookings-concurrency.test.ts[2m > [22m[2mBooking Concurrency Safety[2m > [22m[2mreturns proper error codes for capacity exceeded
[22m[39mError fetching admin settings: TypeError: Cannot read properties of undefined (reading 'findMany')
    at getAdminSettings [90m(/home/obsidian/Projects/Zaines/[39msrc/lib/api/admin-settings.ts:69:44[90m)[39m
    at Module.POST [90m(/home/obsidian/Projects/Zaines/[39msrc/app/api/bookings/route.ts:209:33[90m)[39m
    at [90m/home/obsidian/Projects/Zaines/[39msrc/__tests__/bookings-concurrency.test.ts:414:7
    at [90mfile:///home/obsidian/Projects/Zaines/[39mnode_modules/[4m.pnpm[24m/@vitest+runner@4.0.18/node_modules/[4m@vitest/runner[24m/dist/index.js:915:20

[90mstderr[2m | src/__tests__/bookings-concurrency.test.ts[2m > [22m[2mBooking Concurrency Safety[2m > [22m[2mreturns proper error codes for capacity exceeded
[22m[39mError fetching admin settings: TypeError: Cannot read properties of undefined (reading 'findMany')
    at getAdminSettings [90m(/home/obsidian/Projects/Zaines/[39msrc/lib/api/admin-settings.ts:69:44[90m)[39m
    at Module.POST [90m(/home/obsidian/Projects/Zaines/[39msrc/app/api/bookings/route.ts:209:33[90m)[39m
    at [90m/home/obsidian/Projects/Zaines/[39msrc/__tests__/bookings-concurrency.test.ts:414:7
    at [90mfile:///home/obsidian/Projects/Zaines/[39mnode_modules/[4m.pnpm[24m/@vitest+runner@4.0.18/node_modules/[4m@vitest/runner[24m/dist/index.js:915:20

[90mstderr[2m | src/__tests__/bookings-concurrency.test.ts[2m > [22m[2mBooking Concurrency Safety[2m > [22m[2mreturns proper error codes for capacity exceeded
[22m[39mError fetching admin settings: TypeError: Cannot read properties of undefined (reading 'findMany')
    at getAdminSettings [90m(/home/obsidian/Projects/Zaines/[39msrc/lib/api/admin-settings.ts:69:44[90m)[39m
    at Module.POST [90m(/home/obsidian/Projects/Zaines/[39msrc/app/api/bookings/route.ts:209:33[90m)[39m
    at [90m/home/obsidian/Projects/Zaines/[39msrc/__tests__/bookings-concurrency.test.ts:414:7
    at [90mfile:///home/obsidian/Projects/Zaines/[39mnode_modules/[4m.pnpm[24m/@vitest+runner@4.0.18/node_modules/[4m@vitest/runner[24m/dist/index.js:915:20

[90mstderr[2m | src/__tests__/bookings-concurrency.test.ts[2m > [22m[2mBooking Concurrency Safety[2m > [22m[2mreturns proper error codes for capacity exceeded
[22m[39mError fetching admin settings: TypeError: Cannot read properties of undefined (reading 'findMany')
    at getAdminSettings [90m(/home/obsidian/Projects/Zaines/[39msrc/lib/api/admin-settings.ts:69:44[90m)[39m
    at Module.POST [90m(/home/obsidian/Projects/Zaines/[39msrc/app/api/bookings/route.ts:209:33[90m)[39m
    at [90m/home/obsidian/Projects/Zaines/[39msrc/__tests__/bookings-concurrency.test.ts:419:22
    at [90mfile:///home/obsidian/Projects/Zaines/[39mnode_modules/[4m.pnpm[24m/@vitest+runner@4.0.18/node_modules/[4m@vitest/runner[24m/dist/index.js:915:20

[90mstderr[2m | src/__tests__/bookings-concurrency.test.ts[2m > [22m[2mBooking Concurrency Safety[2m > [22m[2mreturns proper error codes for capacity exceeded
[22m[39m{"route":"/api/bookings","errorCode":"BOOKING_CREATE_FAILED","correlationId":"a160ac68-9325-4fa2-8f16-022eca5586df","errorType":"Error"}

[90mstderr[2m | src/__tests__/bookings-concurrency.test.ts[2m > [22m[2mBooking Concurrency Safety[2m > [22m[2mreturns 503 on transaction timeout with Retry-After header
[22m[39mError fetching admin settings: TypeError: Cannot read properties of undefined (reading 'findMany')
    at getAdminSettings [90m(/home/obsidian/Projects/Zaines/[39msrc/lib/api/admin-settings.ts:69:44[90m)[39m
    at Module.POST [90m(/home/obsidian/Projects/Zaines/[39msrc/app/api/bookings/route.ts:209:33[90m)[39m
    at [90m/home/obsidian/Projects/Zaines/[39msrc/__tests__/bookings-concurrency.test.ts:436:22
    at [90mfile:///home/obsidian/Projects/Zaines/[39mnode_modules/[4m.pnpm[24m/@vitest+runner@4.0.18/node_modules/[4m@vitest/runner[24m/dist/index.js:915:20

[90mstderr[2m | src/__tests__/bookings-concurrency.test.ts[2m > [22m[2mBooking Concurrency Safety[2m > [22m[2mreturns 503 on transaction timeout with Retry-After header
[22m[39m{"route":"/api/bookings","errorCode":"BOOKING_CREATE_FAILED","correlationId":"0e45f734-8897-4822-9f12-67cb0f7fafef","errorType":"Error"}

[90mstderr[2m | src/__tests__/bookings-concurrency.test.ts[2m > [22m[2mBooking Concurrency Safety[2m > [22m[2mreturns 409 on transaction conflict with Retry-After header
[22m[39mError fetching admin settings: TypeError: Cannot read properties of undefined (reading 'findMany')
    at getAdminSettings [90m(/home/obsidian/Projects/Zaines/[39msrc/lib/api/admin-settings.ts:69:44[90m)[39m
    at Module.POST [90m(/home/obsidian/Projects/Zaines/[39msrc/app/api/bookings/route.ts:209:33[90m)[39m
    at [90m/home/obsidian/Projects/Zaines/[39msrc/__tests__/bookings-concurrency.test.ts:456:22
    at [90mfile:///home/obsidian/Projects/Zaines/[39mnode_modules/[4m.pnpm[24m/@vitest+runner@4.0.18/node_modules/[4m@vitest/runner[24m/dist/index.js:915:20

[90mstderr[2m | src/__tests__/bookings-concurrency.test.ts[2m > [22m[2mBooking Concurrency Safety[2m > [22m[2mreturns 409 on transaction conflict with Retry-After header
[22m[39m{"route":"/api/bookings","errorCode":"BOOKING_CREATE_FAILED","correlationId":"6f6b0bd2-a3c9-470f-bbec-ca94009f6bfa","errorType":"Error"}

[90mstderr[2m | src/__tests__/bookings-concurrency.test.ts[2m > [22m[2mBooking Concurrency Safety[2m > [22m[2mproperly isolates suite type locks
[22m[39mError fetching admin settings: TypeError: Cannot read properties of undefined (reading 'findMany')
    at getAdminSettings [90m(/home/obsidian/Projects/Zaines/[39msrc/lib/api/admin-settings.ts:69:44[90m)[39m
    at Module.POST [90m(/home/obsidian/Projects/Zaines/[39msrc/app/api/bookings/route.ts:209:33[90m)[39m
    at async Promise.all (index 0)
    at [90m/home/obsidian/Projects/Zaines/[39msrc/__tests__/bookings-concurrency.test.ts:478:24
    at [90mfile:///home/obsidian/Projects/Zaines/[39mnode_modules/[4m.pnpm[24m/@vitest+runner@4.0.18/node_modules/[4m@vitest/runner[24m/dist/index.js:915:20
Error fetching admin settings: TypeError: Cannot read properties of undefined (reading 'findMany')
    at getAdminSettings [90m(/home/obsidian/Projects/Zaines/[39msrc/lib/api/admin-settings.ts:69:44[90m)[39m
    at Module.POST [90m(/home/obsidian/Projects/Zaines/[39msrc/app/api/bookings/route.ts:209:33[90m)[39m
    at async Promise.all (index 1)
    at [90m/home/obsidian/Projects/Zaines/[39msrc/__tests__/bookings-concurrency.test.ts:478:24
    at [90mfile:///home/obsidian/Projects/Zaines/[39mnode_modules/[4m.pnpm[24m/@vitest+runner@4.0.18/node_modules/[4m@vitest/runner[24m/dist/index.js:915:20
Error fetching admin settings: TypeError: Cannot read properties of undefined (reading 'findMany')
    at getAdminSettings [90m(/home/obsidian/Projects/Zaines/[39msrc/lib/api/admin-settings.ts:69:44[90m)[39m
    at Module.POST [90m(/home/obsidian/Projects/Zaines/[39msrc/app/api/bookings/route.ts:209:33[90m)[39m
    at async Promise.all (index 2)
    at [90m/home/obsidian/Projects/Zaines/[39msrc/__tests__/bookings-concurrency.test.ts:478:24
    at [90mfile:///home/obsidian/Projects/Zaines/[39mnode_modules/[4m.pnpm[24m/@vitest+runner@4.0.18/node_modules/[4m@vitest/runner[24m/dist/index.js:915:20
Error fetching admin settings: TypeError: Cannot read properties of undefined (reading 'findMany')
    at getAdminSettings [90m(/home/obsidian/Projects/Zaines/[39msrc/lib/api/admin-settings.ts:69:44[90m)[39m
    at Module.POST [90m(/home/obsidian/Projects/Zaines/[39msrc/app/api/bookings/route.ts:209:33[90m)[39m
    at async Promise.all (index 3)
    at [90m/home/obsidian/Projects/Zaines/[39msrc/__tests__/bookings-concurrency.test.ts:478:24
    at [90mfile:///home/obsidian/Projects/Zaines/[39mnode_modules/[4m.pnpm[24m/@vitest+runner@4.0.18/node_modules/[4m@vitest/runner[24m/dist/index.js:915:20
Error fetching admin settings: TypeError: Cannot read properties of undefined (reading 'findMany')
    at getAdminSettings [90m(/home/obsidian/Projects/Zaines/[39msrc/lib/api/admin-settings.ts:69:44[90m)[39m
    at Module.POST [90m(/home/obsidian/Projects/Zaines/[39msrc/app/api/bookings/route.ts:209:33[90m)[39m
    at async Promise.all (index 4)
    at [90m/home/obsidian/Projects/Zaines/[39msrc/__tests__/bookings-concurrency.test.ts:478:24
    at [90mfile:///home/obsidian/Projects/Zaines/[39mnode_modules/[4m.pnpm[24m/@vitest+runner@4.0.18/node_modules/[4m@vitest/runner[24m/dist/index.js:915:20
Error fetching admin settings: TypeError: Cannot read properties of undefined (reading 'findMany')
    at getAdminSettings [90m(/home/obsidian/Projects/Zaines/[39msrc/lib/api/admin-settings.ts:69:44[90m)[39m
    at Module.POST [90m(/home/obsidian/Projects/Zaines/[39msrc/app/api/bookings/route.ts:209:33[90m)[39m
    at async Promise.all (index 5)
    at [90m/home/obsidian/Projects/Zaines/[39msrc/__tests__/bookings-concurrency.test.ts:478:24
    at [90mfile:///home/obsidian/Projects/Zaines/[39mnode_modules/[4m.pnpm[24m/@vitest+runner@4.0.18/node_modules/[4m@vitest/runner[24m/dist/index.js:915:20
Error fetching admin settings: TypeError: Cannot read properties of undefined (reading 'findMany')
    at getAdminSettings [90m(/home/obsidian/Projects/Zaines/[39msrc/lib/api/admin-settings.ts:69:44[90m)[39m
    at Module.POST [90m(/home/obsidian/Projects/Zaines/[39msrc/app/api/bookings/route.ts:209:33[90m)[39m
    at async Promise.all (index 6)
    at [90m/home/obsidian/Projects/Zaines/[39msrc/__tests__/bookings-concurrency.test.ts:478:24
    at [90mfile:///home/obsidian/Projects/Zaines/[39mnode_modules/[4m.pnpm[24m/@vitest+runner@4.0.18/node_modules/[4m@vitest/runner[24m/dist/index.js:915:20
Error fetching admin settings: TypeError: Cannot read properties of undefined (reading 'findMany')
    at getAdminSettings [90m(/home/obsidian/Projects/Zaines/[39msrc/lib/api/admin-settings.ts:69:44[90m)[39m
    at Module.POST [90m(/home/obsidian/Projects/Zaines/[39msrc/app/api/bookings/route.ts:209:33[90m)[39m
    at async Promise.all (index 7)
    at [90m/home/obsidian/Projects/Zaines/[39msrc/__tests__/bookings-concurrency.test.ts:478:24
    at [90mfile:///home/obsidian/Projects/Zaines/[39mnode_modules/[4m.pnpm[24m/@vitest+runner@4.0.18/node_modules/[4m@vitest/runner[24m/dist/index.js:915:20
Error fetching admin settings: TypeError: Cannot read properties of undefined (reading 'findMany')
    at getAdminSettings [90m(/home/obsidian/Projects/Zaines/[39msrc/lib/api/admin-settings.ts:69:44[90m)[39m
    at Module.POST [90m(/home/obsidian/Projects/Zaines/[39msrc/app/api/bookings/route.ts:209:33[90m)[39m
    at async Promise.all (index 8)
    at [90m/home/obsidian/Projects/Zaines/[39msrc/__tests__/bookings-concurrency.test.ts:478:24
    at [90mfile:///home/obsidian/Projects/Zaines/[39mnode_modules/[4m.pnpm[24m/@vitest+runner@4.0.18/node_modules/[4m@vitest/runner[24m/dist/index.js:915:20
Error fetching admin settings: TypeError: Cannot read properties of undefined (reading 'findMany')
    at getAdminSettings [90m(/home/obsidian/Projects/Zaines/[39msrc/lib/api/admin-settings.ts:69:44[90m)[39m
    at Module.POST [90m(/home/obsidian/Projects/Zaines/[39msrc/app/api/bookings/route.ts:209:33[90m)[39m
    at async Promise.all (index 9)
    at [90m/home/obsidian/Projects/Zaines/[39msrc/__tests__/bookings-concurrency.test.ts:478:24
    at [90mfile:///home/obsidian/Projects/Zaines/[39mnode_modules/[4m.pnpm[24m/@vitest+runner@4.0.18/node_modules/[4m@vitest/runner[24m/dist/index.js:915:20
Error fetching admin settings: TypeError: Cannot read properties of undefined (reading 'findMany')
    at getAdminSettings [90m(/home/obsidian/Projects/Zaines/[39msrc/lib/api/admin-settings.ts:69:44[90m)[39m
    at Module.POST [90m(/home/obsidian/Projects/Zaines/[39msrc/app/api/bookings/route.ts:209:33[90m)[39m
    at async Promise.all (index 10)
    at [90m/home/obsidian/Projects/Zaines/[39msrc/__tests__/bookings-concurrency.test.ts:478:24
    at [90mfile:///home/obsidian/Projects/Zaines/[39mnode_modules/[4m.pnpm[24m/@vitest+runner@4.0.18/node_modules/[4m@vitest/runner[24m/dist/index.js:915:20
Error fetching admin settings: TypeError: Cannot read properties of undefined (reading 'findMany')
    at getAdminSettings [90m(/home/obsidian/Projects/Zaines/[39msrc/lib/api/admin-settings.ts:69:44[90m)[39m
    at Module.POST [90m(/home/obsidian/Projects/Zaines/[39msrc/app/api/bookings/route.ts:209:33[90m)[39m
    at async Promise.all (index 11)
    at [90m/home/obsidian/Projects/Zaines/[39msrc/__tests__/bookings-concurrency.test.ts:478:24
    at [90mfile:///home/obsidian/Projects/Zaines/[39mnode_modules/[4m.pnpm[24m/@vitest+runner@4.0.18/node_modules/[4m@vitest/runner[24m/dist/index.js:915:20
Error fetching admin settings: TypeError: Cannot read properties of undefined (reading 'findMany')
    at getAdminSettings [90m(/home/obsidian/Projects/Zaines/[39msrc/lib/api/admin-settings.ts:69:44[90m)[39m
    at Module.POST [90m(/home/obsidian/Projects/Zaines/[39msrc/app/api/bookings/route.ts:209:33[90m)[39m
    at async Promise.all (index 12)
    at [90m/home/obsidian/Projects/Zaines/[39msrc/__tests__/bookings-concurrency.test.ts:478:24
    at [90mfile:///home/obsidian/Projects/Zaines/[39mnode_modules/[4m.pnpm[24m/@vitest+runner@4.0.18/node_modules/[4m@vitest/runner[24m/dist/index.js:915:20
Error fetching admin settings: TypeError: Cannot read properties of undefined (reading 'findMany')
    at getAdminSettings [90m(/home/obsidian/Projects/Zaines/[39msrc/lib/api/admin-settings.ts:69:44[90m)[39m
    at Module.POST [90m(/home/obsidian/Projects/Zaines/[39msrc/app/api/bookings/route.ts:209:33[90m)[39m
    at async Promise.all (index 13)
    at [90m/home/obsidian/Projects/Zaines/[39msrc/__tests__/bookings-concurrency.test.ts:478:24
    at [90mfile:///home/obsidian/Projects/Zaines/[39mnode_modules/[4m.pnpm[24m/@vitest+runner@4.0.18/node_modules/[4m@vitest/runner[24m/dist/index.js:915:20
Error fetching admin settings: TypeError: Cannot read properties of undefined (reading 'findMany')
    at getAdminSettings [90m(/home/obsidian/Projects/Zaines/[39msrc/lib/api/admin-settings.ts:69:44[90m)[39m
    at Module.POST [90m(/home/obsidian/Projects/Zaines/[39msrc/app/api/bookings/route.ts:209:33[90m)[39m
    at async Promise.all (index 14)
    at [90m/home/obsidian/Projects/Zaines/[39msrc/__tests__/bookings-concurrency.test.ts:478:24
    at [90mfile:///home/obsidian/Projects/Zaines/[39mnode_modules/[4m.pnpm[24m/@vitest+runner@4.0.18/node_modules/[4m@vitest/runner[24m/dist/index.js:915:20
Error fetching admin settings: TypeError: Cannot read properties of undefined (reading 'findMany')
    at getAdminSettings [90m(/home/obsidian/Projects/Zaines/[39msrc/lib/api/admin-settings.ts:69:44[90m)[39m
    at Module.POST [90m(/home/obsidian/Projects/Zaines/[39msrc/app/api/bookings/route.ts:209:33[90m)[39m
    at async Promise.all (index 15)
    at [90m/home/obsidian/Projects/Zaines/[39msrc/__tests__/bookings-concurrency.test.ts:478:24
    at [90mfile:///home/obsidian/Projects/Zaines/[39mnode_modules/[4m.pnpm[24m/@vitest+runner@4.0.18/node_modules/[4m@vitest/runner[24m/dist/index.js:915:20
Error fetching admin settings: TypeError: Cannot read properties of undefined (reading 'findMany')
    at getAdminSettings [90m(/home/obsidian/Projects/Zaines/[39msrc/lib/api/admin-settings.ts:69:44[90m)[39m
    at Module.POST [90m(/home/obsidian/Projects/Zaines/[39msrc/app/api/bookings/route.ts:209:33[90m)[39m
    at async Promise.all (index 16)
    at [90m/home/obsidian/Projects/Zaines/[39msrc/__tests__/bookings-concurrency.test.ts:478:24
    at [90mfile:///home/obsidian/Projects/Zaines/[39mnode_modules/[4m.pnpm[24m/@vitest+runner@4.0.18/node_modules/[4m@vitest/runner[24m/dist/index.js:915:20
Error fetching admin settings: TypeError: Cannot read properties of undefined (reading 'findMany')
    at getAdminSettings [90m(/home/obsidian/Projects/Zaines/[39msrc/lib/api/admin-settings.ts:69:44[90m)[39m
    at Module.POST [90m(/home/obsidian/Projects/Zaines/[39msrc/app/api/bookings/route.ts:209:33[90m)[39m
    at async Promise.all (index 17)
    at [90m/home/obsidian/Projects/Zaines/[39msrc/__tests__/bookings-concurrency.test.ts:478:24
    at [90mfile:///home/obsidian/Projects/Zaines/[39mnode_modules/[4m.pnpm[24m/@vitest+runner@4.0.18/node_modules/[4m@vitest/runner[24m/dist/index.js:915:20

 [32m✓[39m src/__tests__/bookings-concurrency.test.ts [2m([22m[2m10 tests[22m[2m)[22m[33m 361[2mms[22m[39m
 [32m✓[39m src/__tests__/notifications-resend.test.ts [2m([22m[2m5 tests[22m[2m)[22m[33m 771[2mms[22m[39m
     [33m[2m✓[22m[39m retries transient failures and succeeds [33m 755[2mms[22m[39m
[90mstderr[2m | src/__tests__/booking-flow-contract.test.ts[2m > [22m[2mbooking flow contract[2m > [22m[2mkeeps quote totals and created booking totals consistent
[22m[39mError fetching admin settings: TypeError: Cannot read properties of undefined (reading 'findMany')
    at getAdminSettings [90m(/home/obsidian/Projects/Zaines/[39msrc/lib/api/admin-settings.ts:69:44[90m)[39m
    at Module.POST [90m(/home/obsidian/Projects/Zaines/[39msrc/app/api/bookings/validate/route.ts:89:28[90m)[39m
[90m    at processTicksAndRejections (node:internal/process/task_queues:103:5)[39m
    at [90m/home/obsidian/Projects/Zaines/[39msrc/__tests__/booking-flow-contract.test.ts:149:27
    at [90mfile:///home/obsidian/Projects/Zaines/[39mnode_modules/[4m.pnpm[24m/@vitest+runner@4.0.18/node_modules/[4m@vitest/runner[24m/dist/index.js:915:20

[90mstderr[2m | src/__tests__/booking-flow-contract.test.ts[2m > [22m[2mbooking flow contract[2m > [22m[2mkeeps quote totals and created booking totals consistent
[22m[39mError fetching admin settings: TypeError: Cannot read properties of undefined (reading 'findMany')
    at getAdminSettings [90m(/home/obsidian/Projects/Zaines/[39msrc/lib/api/admin-settings.ts:69:44[90m)[39m
    at Module.POST [90m(/home/obsidian/Projects/Zaines/[39msrc/app/api/bookings/route.ts:209:33[90m)[39m
[90m    at processTicksAndRejections (node:internal/process/task_queues:103:5)[39m
    at [90m/home/obsidian/Projects/Zaines/[39msrc/__tests__/booking-flow-contract.test.ts:180:29
    at [90mfile:///home/obsidian/Projects/Zaines/[39mnode_modules/[4m.pnpm[24m/@vitest+runner@4.0.18/node_modules/[4m@vitest/runner[24m/dist/index.js:915:20

[90mstdout[2m | src/__tests__/booking-flow-contract.test.ts[2m > [22m[2mbooking flow contract[2m > [22m[2mhandles duplicate payment_intent.succeeded webhook events idempotently
[22m[39m{"route":"/api/payments/webhook","event":"PAYMENT_SUCCEEDED","correlationId":"48ee2b0f-3a77-4cc4-a872-05e594c3b4da","context":{"bookingId":"booking-contract-001"}}

 [32m✓[39m src/__tests__/booking-flow-contract.test.ts [2m([22m[2m2 tests[22m[2m)[22m[32m 62[2mms[22m[39m
[90mstderr[2m | src/__tests__/payments-webhook-extended.test.ts[2m > [22m[2mwebhook route – extended coverage[2m > [22m[2mreturns 400 when signature verification fails
[22m[39m{"route":"/api/payments/webhook","errorCode":"WEBHOOK_SIGNATURE_VERIFICATION_FAILED","correlationId":"1d19ac22-f908-41d8-9268-96497bc94701","errorType":"Error"}

[90mstdout[2m | src/__tests__/payments-webhook-extended.test.ts[2m > [22m[2mwebhook route – extended coverage[2m > [22m[2mhandles payment_intent.succeeded and returns 200
[22m[39m{"route":"/api/payments/webhook","event":"PAYMENT_SUCCEEDED","correlationId":"71c46c4e-5400-4318-b2f9-1108a066b1d1","context":{"bookingId":"book-001"}}

[90mstdout[2m | src/__tests__/payments-webhook-extended.test.ts[2m > [22m[2mwebhook route – extended coverage[2m > [22m[2mhandles payment_intent.payment_failed and returns 200
[22m[39m{"route":"/api/payments/webhook","event":"PAYMENT_FAILED","correlationId":"3053b6b0-0f2f-4403-9db3-53d676a367d0","context":{"bookingId":"book-001"}}

[90mstdout[2m | src/__tests__/payments-webhook-extended.test.ts[2m > [22m[2mwebhook route – extended coverage[2m > [22m[2mhandles payment_intent.canceled and returns 200
[22m[39m{"route":"/api/payments/webhook","event":"PAYMENT_CANCELED","correlationId":"10736c96-beab-4c45-93a5-eebcdefd7b1a","context":{"bookingId":"book-001"}}

[90mstdout[2m | src/__tests__/payments-webhook-extended.test.ts[2m > [22m[2mwebhook route – extended coverage[2m > [22m[2mhandles charge.refunded and returns 200
[22m[39m{"route":"/api/payments/webhook","event":"REFUND_PROCESSED","correlationId":"307b45c8-0b26-41a6-a804-e5fc26128c2d","context":{"paymentIntentId":"pi_004"}}

[90mstdout[2m | src/__tests__/payments-webhook-extended.test.ts[2m > [22m[2mwebhook route – extended coverage[2m > [22m[2mhandles unknown event type gracefully
[22m[39m{"route":"/api/payments/webhook","event":"WEBHOOK_EVENT_UNHANDLED","correlationId":"06746bb5-68aa-428d-891d-39f7566417c2","context":{"eventType":"customer.created"}}

[90mstderr[2m | src/__tests__/payments-webhook-extended.test.ts[2m > [22m[2mwebhook route – extended coverage[2m > [22m[2mhandles payment_intent.succeeded with missing bookingId gracefully
[22m[39m{"route":"/api/payments/webhook","errorCode":"PAYMENT_INTENT_BOOKING_ID_MISSING","correlationId":"deb5b82e-ffb3-432f-a36a-8fed22b0042a","errorType":"Error"}

[90mstdout[2m | src/__tests__/payments-webhook-extended.test.ts[2m > [22m[2mwebhook route – extended coverage[2m > [22m[2mhandles charge.refunded when payment_intent is an object
[22m[39m{"route":"/api/payments/webhook","event":"REFUND_PROCESSED","correlationId":"30a74961-24c5-442d-8b91-92180ae3fe09","context":{"paymentIntentId":"pi_006"}}

[90mstderr[2m | src/__tests__/payments-webhook-extended.test.ts[2m > [22m[2mwebhook route – extended coverage[2m > [22m[2mhandles charge.refunded when payment_intent is null
[22m[39m{"route":"/api/payments/webhook","errorCode":"REFUND_PAYMENT_INTENT_ID_MISSING","correlationId":"3343df78-fddd-4185-b276-4f4fdbda206d","errorType":"Error"}

 [32m✓[39m src/__tests__/payments-webhook-extended.test.ts [2m([22m[2m13 tests[22m[2m)[22m[32m 70[2mms[22m[39m
[90mstderr[2m | src/__tests__/booking-payment-e2e.test.ts[2m > [22m[2mBooking → Payment E2E Flow[2m > [22m[2mPOST /api/bookings handles Stripe failures gracefully
[22m[39m{"route":"/api/bookings","errorCode":"BOOKING_PAYMENT_INTENT_FAILED","correlationId":"3a4927ac-4ca3-4391-915c-e1921eb9650d","errorType":"Error"}

[90mstdout[2m | src/__tests__/booking-payment-e2e.test.ts[2m > [22m[2mBooking → Payment E2E Flow[2m > [22m[2mwebhook payment_intent.succeeded updates booking to confirmed
[22m[39m{"route":"/api/payments/webhook","event":"PAYMENT_SUCCEEDED","correlationId":"dfae407c-c869-4da1-8103-65ea4612aacc","context":{"bookingId":"booking-123"}}

[90mstdout[2m | src/__tests__/booking-payment-e2e.test.ts[2m > [22m[2mBooking → Payment E2E Flow[2m > [22m[2mwebhook payment_intent.payment_failed updates booking to cancelled
[22m[39m{"route":"/api/payments/webhook","event":"PAYMENT_FAILED","correlationId":"6254e7bd-9dac-41ca-ac51-e48d56b4abcb","context":{"bookingId":"booking-123"}}

 [32m✓[39m src/__tests__/booking-payment-e2e.test.ts [2m([22m[2m6 tests[22m[2m)[22m[32m 79[2mms[22m[39m
 [32m✓[39m src/__tests__/vaccines-api.test.ts [2m([22m[2m21 tests[22m[2m)[22m[32m 57[2mms[22m[39m
 [32m✓[39m src/__tests__/pets-api.test.ts [2m([22m[2m19 tests[22m[2m)[22m[32m 71[2mms[22m[39m
 [32m✓[39m src/__tests__/lib-utils.test.ts [2m([22m[2m10 tests[22m[2m)[22m[32m 32[2mms[22m[39m
[90mstderr[2m | src/__tests__/payments-create-intent-extended.test.ts[2m > [22m[2mcreate-intent route – extended coverage[2m > [22m[2mreturns 500 when stripe.paymentIntents.create throws
[22m[39m{"route":"/api/payments/create-intent","errorCode":"PAYMENT_INTENT_CREATE_FAILED","correlationId":"ci-ext-test","errorType":"Error"}

 [32m✓[39m src/__tests__/payments-create-intent-extended.test.ts [2m([22m[2m11 tests[22m[2m)[22m[32m 147[2mms[22m[39m
[90mstderr[2m | src/__tests__/auth-magic-link.test.ts[2m > [22m[2mmagic-link route[2m > [22m[2mreturns 500 when signIn throws (misconfigured error)
[22m[39m{"route":"/api/auth/magic-link","errorCode":"AUTH_PROVIDER_MISCONFIGURED","correlationId":"ml-test","errorType":"Error"}

[90mstderr[2m | src/__tests__/auth-magic-link.test.ts[2m > [22m[2mmagic-link route[2m > [22m[2mreturns 500 when signIn throws (transient error)
[22m[39m{"route":"/api/auth/magic-link","errorCode":"AUTH_TRANSIENT_FAILURE","correlationId":"ml-test","errorType":"Error"}

 [32m✓[39m src/__tests__/notifications.test.ts [2m([22m[2m2 tests[22m[2m)[22m[32m 25[2mms[22m[39m
 [32m✓[39m src/__tests__/auth-magic-link.test.ts [2m([22m[2m13 tests[22m[2m)[22m[32m 68[2mms[22m[39m
 [32m✓[39m src/__tests__/issue26-api-contracts.test.ts [2m([22m[2m8 tests[22m[2m)[22m[32m 52[2mms[22m[39m
 [32m✓[39m src/__tests__/profile-api.test.ts [2m([22m[2m10 tests[22m[2m)[22m[32m 42[2mms[22m[39m
 [32m✓[39m src/__tests__/issue31-bookings-security-remediation.test.ts [2m([22m[2m1 test[22m[2m)[22m[32m 43[2mms[22m[39m
 [32m✓[39m src/app/api/availability/__tests__/route.test.ts [2m([22m[2m5 tests[22m[2m)[22m[32m 36[2mms[22m[39m
 [32m✓[39m src/__tests__/admin-contact-submissions.test.ts [2m([22m[2m7 tests[22m[2m)[22m[32m 32[2mms[22m[39m
 [32m✓[39m src/__tests__/medications-api.test.ts [2m([22m[2m9 tests[22m[2m)[22m[32m 38[2mms[22m[39m
 [32m✓[39m src/__tests__/health-timeline-api.test.ts [2m([22m[2m7 tests[22m[2m)[22m[32m 43[2mms[22m[39m
 [32m✓[39m src/lib/validations/__tests__/booking-wizard.test.ts [2m([22m[2m8 tests[22m[2m)[22m[32m 68[2mms[22m[39m
 [32m✓[39m src/__tests__/issue66-platform-hardening.test.ts [2m([22m[2m4 tests[22m[2m)[22m[32m 31[2mms[22m[39m
 [32m✓[39m src/__tests__/issue64-trust-copy-contract.test.ts [2m([22m[2m7 tests[22m[2m)[22m[32m 39[2mms[22m[39m
 [32m✓[39m src/__tests__/booking-cancellation-route.test.ts [2m([22m[2m6 tests[22m[2m)[22m[32m 125[2mms[22m[39m
 [32m✓[39m src/__tests__/admin-contact-conversations.test.ts [2m([22m[2m2 tests[22m[2m)[22m[32m 30[2mms[22m[39m
 [32m✓[39m src/__tests__/issue31-payments-create-intent-security.test.ts [2m([22m[2m3 tests[22m[2m)[22m[32m 31[2mms[22m[39m
 [32m✓[39m src/__tests__/lib-stripe-client.test.ts [2m([22m[2m5 tests[22m[2m)[22m[32m 34[2mms[22m[39m
 [32m✓[39m src/app/api/auth/magic-link/__tests__/route.test.ts [2m([22m[2m2 tests[22m[2m)[22m[32m 21[2mms[22m[39m
 [32m✓[39m src/app/api/booking/availability/__tests__/route.test.ts [2m([22m[2m2 tests[22m[2m)[22m[32m 40[2mms[22m[39m
 [32m✓[39m src/app/api/reviews/__tests__/route.test.ts [2m([22m[2m2 tests[22m[2m)[22m[32m 28[2mms[22m[39m
 [32m✓[39m src/__tests__/issue31-booking-pricing-contract.test.ts [2m([22m[2m1 test[22m[2m)[22m[32m 36[2mms[22m[39m
 [32m✓[39m src/lib/telemetry/__tests__/dog-mode.test.ts [2m([22m[2m7 tests[22m[2m)[22m[32m 43[2mms[22m[39m
 [32m✓[39m src/app/api/contact/submissions/__tests__/route.test.ts [2m([22m[2m1 test[22m[2m)[22m[32m 53[2mms[22m[39m
 [32m✓[39m src/__tests__/audit-fixes.test.ts [2m([22m[2m16 tests[22m[2m)[22m[32m 16[2mms[22m[39m
[90mstdout[2m | src/__tests__/live-feed-routes-authz.test.ts[2m > [22m[2mlive-feed write routes authz[2m > [22m[2mallows admin role to create photos
[22m[39m{"route":"/api/bookings/[id]/photos","event":"PHOTO_CREATED","correlationId":"8ada55d5-439f-41e5-a1a7-06fb69eaaff2","context":{"bookingId":"booking-1"}}

 [32m✓[39m src/__tests__/live-feed-routes-authz.test.ts [2m([22m[2m4 tests[22m[2m)[22m[32m 32[2mms[22m[39m
 [32m✓[39m src/__tests__/pii-redaction.test.ts [2m([22m[2m8 tests[22m[2m)[22m[32m 12[2mms[22m[39m
 [32m✓[39m src/lib/__tests__/seo.test.ts [2m([22m[2m30 tests[22m[2m)[22m[32m 24[2mms[22m[39m
 [32m✓[39m src/hooks/__tests__/useBookingWizard.test.ts [2m([22m[2m2 tests[22m[2m)[22m[32m 12[2mms[22m[39m
 [32m✓[39m src/hooks/__tests__/pollingScheduler.test.ts [2m([22m[2m4 tests[22m[2m)[22m[32m 5[2mms[22m[39m
 [32m✓[39m src/lib/booking/__tests__/availability-flow.test.ts [2m([22m[2m3 tests[22m[2m)[22m[32m 4[2mms[22m[39m
 [32m✓[39m src/__tests__/auth-pkce.test.ts [2m([22m[2m9 tests[22m[2m)[22m[32m 6[2mms[22m[39m
 [32m✓[39m src/app/__tests__/seo-metadata-routes.test.ts [2m([22m[2m8 tests[22m[2m)[22m[32m 11[2mms[22m[39m
 [32m✓[39m src/__tests__/lib-notifications-extended.test.ts [2m([22m[2m10 tests[22m[2m)[22m[33m 7622[2mms[22m[39m
     [33m[2m✓[22m[39m falls back to dev queue when Resend throws after retries [33m 3771[2mms[22m[39m
     [33m[2m✓[22m[39m falls back to dev queue when Resend throws after retries [33m 3755[2mms[22m[39m

[31m⎯⎯⎯⎯⎯⎯⎯[39m[1m[41m Failed Tests 7 [49m[22m[31m⎯⎯⎯⎯⎯⎯⎯[39m

[41m[1m FAIL [22m[49m src/__tests__/admin-api.test.ts[2m > [22mGET /api/admin/bookings[2m > [22mreturns bookings for staff role
[31m[1mAssertionError[22m: Target cannot be null or undefined.[39m
[36m [2m❯[22m src/__tests__/admin-api.test.ts:[2m109:27[22m[39m
    [90m107| [39m    [34mexpect[39m(res[33m.[39mstatus)[33m.[39m[34mtoBe[39m([34m200[39m)[33m;[39m
    [90m108| [39m    [35mconst[39m data [33m=[39m [35mawait[39m res[33m.[39m[34mjson[39m()[33m;[39m
    [90m109| [39m    [34mexpect[39m(data[33m.[39mbookings)[33m.[39m[34mtoHaveLength[39m([34m1[39m)[33m;[39m
    [90m   | [39m                          [31m^[39m
    [90m110| [39m  })[33m;[39m
    [90m111| [39m

[31m[2m⎯⎯⎯⎯⎯⎯⎯⎯⎯⎯⎯⎯⎯⎯⎯⎯⎯⎯⎯⎯⎯⎯⎯⎯[1/7]⎯[22m[39m

[41m[1m FAIL [22m[49m src/__tests__/issue31-pricing-consistency.test.ts[2m > [22mIssue #31 CP1 route copy consistency[2m > [22menforces required and forbidden pricing policy copy for /
[31m[1mAssertionError[22m: / (src/app/page.tsx) is missing required claim: before confirmation: expected 'import { type metadata } from "next";…' to contain 'before confirmation'[39m

[32m- Expected[39m
[31m+ Received[39m

[32m- before confirmation[39m
[31m+ import { type metadata } from "next";[39m
[31m+ import { herosection } from "@/components/home/hero-section";[39m
[31m+ import { trustbar } from "@/components/home/trust-bar";[39m
[31m+ import { positioningsection } from "@/components/home/positioning-section";[39m
[31m+ import { suiteshowcase } from "@/components/home/suite-showcase";[39m
[31m+ import { dayatzaines } from "@/components/home/day-at-zaines";[39m
[31m+ import { safetysection } from "@/components/home/safety-section";[39m
[31m+ import { meetowner } from "@/components/home/meet-owner";[39m
[31m+ import { testimonials } from "@/components/home/testimonials";[39m
[31m+ import { comparisontable } from "@/components/home/comparison-table";[39m
[31m+ import { bookingcta } from "@/components/home/booking-cta";[39m
[31m+ import { serviceschema } from "@/lib/structured-data";[39m
[31m+ import { homemetadatafromsettings } from "@/lib/seo";[39m
[31m+[39m
[31m+ export async function generatemetadata(): promise<metadata> {[39m
[31m+   return homemetadatafromsettings();[39m
[31m+ }[39m
[31m+[39m
[31m+ export default async function home() {[39m
[31m+   const servicejsonld = await serviceschema();[39m
[31m+[39m
[31m+   return ([39m
[31m+     <>[39m
[31m+       <script[39m
[31m+         type="application/ld+json"[39m
[31m+         dangerouslysetinnerhtml={{ __html: json.stringify(servicejsonld) }}[39m
[31m+       />[39m
[31m+[39m
[31m+       <herosection />[39m
[31m+       <trustbar />[39m
[31m+       <positioningsection />[39m
[31m+       <suiteshowcase />[39m
[31m+       <dayatzaines />[39m
[31m+       <safetysection />[39m
[31m+       <meetowner />[39m
[31m+       <testimonials />[39m
[31m+       <comparisontable />[39m
[31m+       <bookingcta />[39m
[31m+     </>[39m
[31m+   );[39m
[31m+ }[39m
[31m+[39m

[36m [2m❯[22m src/__tests__/issue31-pricing-consistency.test.ts:[2m93:11[22m[39m
    [90m 91| [39m          source[33m,[39m
    [90m 92| [39m          `${routeCase.route} (${routeCase.file}) is missing required …
    [90m 93| [39m        )[33m.[39m[34mtoContain[39m(requiredClaim[33m.[39m[34mtoLowerCase[39m())[33m;[39m
    [90m   | [39m          [31m^[39m
    [90m 94| [39m      }
    [90m 95| [39m

[31m[2m⎯⎯⎯⎯⎯⎯⎯⎯⎯⎯⎯⎯⎯⎯⎯⎯⎯⎯⎯⎯⎯⎯⎯⎯[2/7]⎯[22m[39m

[41m[1m FAIL [22m[49m src/__tests__/issue31-pricing-consistency.test.ts[2m > [22mIssue #31 CP1 route copy consistency[2m > [22menforces required and forbidden pricing policy copy for /pricing
[31m[1mAssertionError[22m: /pricing (src/app/pricing/page.tsx) is missing required claim: before confirmation: expected 'import link from "next/link";\nimport…' to contain 'before confirmation'[39m

[32m- Expected[39m
[31m+ Received[39m

[32m- before confirmation[39m
[31m+ import link from "next/link";[39m
[31m+ import { metadata } from "next";[39m
[31m+ import { button } from "@/components/ui/button";[39m
[31m+ import {[39m
[31m+   card,[39m
[31m+   cardcontent,[39m
[31m+   carddescription,[39m
[31m+   cardheader,[39m
[31m+   cardtitle,[39m
[31m+ } from "@/components/ui/card";[39m
[31m+ import { badge } from "@/components/ui/badge";[39m
[31m+ import { checkcircle2, alertcircle } from "lucide-react";[39m
[31m+ import { fadeup, staggercontainer, staggeritem } from "@/components/motion";[39m
[31m+ import { simplepagemetadatafromsettings } from "@/lib/seo-page-metadata";[39m
[31m+[39m
[31m+ export async function generatemetadata(): promise<metadata> {[39m
[31m+   return simplepagemetadatafromsettings({[39m
[31m+     title: "pricing | luxury dog boarding syracuse ny | zaine's stay & play",[39m
[31m+     description:[39m
[31m+       "transparent pricing for luxury dog boarding in syracuse. standard ($65), deluxe ($85), and luxury ($120) suites. no hidden fees, no surprise charges.",[39m
[31m+     keywords: [[39m
[31m+       "dog boarding pricing",[39m
[31m+       "luxury dog boarding rates",[39m
[31m+       "syracuse dog boarding costs",[39m
[31m+       "pet boarding suites",[39m
[31m+     ],[39m
[31m+     canonicalpath: "/pricing",[39m
[31m+   });[39m
[31m+ }[39m
[31m+[39m
[31m+ const suites = [[39m
[31m+   {[39m
[31m+     name: "standard suite",[39m
[31m+     price: "$65",[39m
[31m+     period: "/ night",[39m
[31m+     description: "comfortable, clean, and secure",[39m
[31m+     features: [[39m
[31m+       "6' x 8' private suite",[39m
[31m+       "climate controlled",[39m
[31m+       "professional daily cleaning",[39m
[31m+       "2 potty breaks",[39m
[31m+       "2 group play sessions",[39m
[31m+       "meals included (2x daily)",[39m
[31m+     ],[39m
[31m+   },[39m
[31m+   {[39m
[31m+     name: "deluxe suite",[39m
[31m+     price: "$85",[39m
[31m+     period: "/ night",[39m
[31m+     popular: true,[39m
[31m+     description: "premium comfort with premium care",[39m
[31m+     features: [[39m
[31m+       "8' x 10' private suite",[39m
[31m+       "climate controlled with air purification",[39m
[31m+       "live webcam access (24/7)",[39m
[31m+       "3 potty breaks + solo enrichment",[39m
[31m+       "3 group play sessions",[39m
[31m+       "meals included (3x daily, custom options)",[39m
[31m+       "weekly photo updates",[39m
[31m+     ],[39m
[31m+   },[39m
[31m+   {[39m
[31m+     name: "luxury suite",[39m
[31m+     price: "$120",[39m
[31m+     period: "/ night",[39m
[31m+     description: "vip experience for vip pups",[39m
[31m+     features: [[39m
[31m+       "10' x 12' private suite with outdoor patio",[39m
[31m+       "climate + humidity controlled",[39m
[31m+       "hd webcam access + live chat support",[39m
[31m+       "4 potty breaks + on-demand access",[39m
[31m+       "4 customized play sessions",[39m
[31m+       "meals included (custom schedule)",[39m
[31m+       "daily video updates & photo album",[39m
[31m+       "priority support line",[39m
[31m+     ],[39m
[31m+   },[39m
[31m+ ];[39m
[31m+[39m
[31m+ const addons = [[39m
[31m+   { name: "extra playtime (30 min)", price: "$15" },[39m
[31m+   { name: "private walk (30 min)", price: "$20" },[39m
[31m+   { name: "photo package (10 photos)", price: "$25" },[39m
[31m+   { name: "spa treatment (bath & nails)", price: "$35" },[39m
[31m+   { name: "birthday party package", price: "$75" },[39m
[31m+   { name: "comfort care package", price: "$50" },[39m
[31m+ ];[39m
[31m+[39m
[31m+ export default function pricingpage() {[39m
[31m+   return ([39m
[31m+     <div classname="flex min-h-screen flex-col bg-background">[39m
[31m+       {/* hero */}[39m
[31m+       <fadeup>[39m
[31m+         <section classname="relative bg-gradient-to-br from-primary/5 via-primary/2 to-secondary/3 py-20 md:py-32">[39m
[31m+           <div classname="container mx-auto px-4">[39m
[31m+             <div classname="mx-auto max-w-3xl text-center">[39m
[31m+               <badge classname="mb-4 bg-primary/10 text-primary border-primary/20">[39m
[31m+                 transparent pricing[39m
[31m+               </badge>[39m
[31m+               <h1 classname="mb-6 font-display text-4xl md:text-5xl lg:text-6xl font-semibold tracking-tight">[39m
[31m+                 premium pricing, premium care[39m
[31m+               </h1>[39m
[31m+               <p classname="mb-8 text-lg md:text-xl text-foreground/70">[39m
[31m+                 no hidden fees. no surprise add-ons. just honest, luxury dog boarding with complete price transparency before you confirm.[39m
[31m+               </p>[39m
[31m+             </div>[39m
[31m+           </div>[39m
[31m+         </section>[39m
[31m+       </fadeup>[39m
[31m+[39m
[31m+       {/* suite pricing */}[39m
[31m+       <section classname="py-20 md:py-28">[39m
[31m+         <div classname="container mx-auto px-4">[39m
[31m+           <fadeup>[39m
[31m+             <div classname="mb-16 text-center">[39m
[31m+               <h2 classname="mb-4 font-display text-3xl md:text-4xl font-semibold">[39m
[31m+                 boarding suite pricing[39m
[31m+               </h2>[39m
[31m+               <p classname="text-lg text-foreground/60">[39m
[31m+                 all-inclusive rates. no hourly charges. no surprise costs at checkout.[39m
[31m+               </p>[39m
[31m+             </div>[39m
[31m+           </fadeup>[39m
[31m+[39m
[31m+           <staggercontainer>[39m
[31m+             {suites.map((suite) => ([39m
[31m+               <staggeritem key={suite.name}>[39m
[31m+                 <div classname={`relative group transition-all duration-300 ${[39m
[31m+                   suite.popular ? "md:scale-105" : ""[39m
[31m+                 }`}>[39m
[31m+                   {suite.popular && ([39m
[31m+                     <div classname="absolute -inset-1 rounded-xl bg-primary/20 blur-lg opacity-0 group-hover:opacity-100 transition-opacity duration-300" />[39m
[31m+                   )}[39m
[31m+                   <card[39m
[31m+                     classname={`relative flex flex-col h-full border-border/50 hover:border-primary/30 transition-all duration-300 ${[39m
[31m+                       suite.popular ? "border-primary/50 shadow-lg" : ""[39m
[31m+                     }`}[39m
[31m+                   >[39m
[31m+                     {suite.popular && ([39m
[31m+                       <badge classname="absolute -top-3 left-1/2 -translate-x-1/2 bg-primary text-primary-foreground shadow-lg">[39m
[31m+                         most popular[39m
[31m+                       </badge>[39m
[31m+                     )}[39m
[31m+                     <cardheader>[39m
[31m+                       <div classname="flex items-start justify-between mb-2">[39m
[31m+                         <div>[39m
[31m+                           <cardtitle classname="font-display text-2xl md:text-3xl">[39m
[31m+                             {suite.name}[39m
[31m+                           </cardtitle>[39m
[31m+                           <carddescription classname="text-base mt-2">[39m
[31m+                             {suite.description}[39m
[31m+                           </carddescription>[39m
[31m+                         </div>[39m
[31m+                       </div>[39m
[31m+                     </cardheader>[39m
[31m+                     <cardcontent classname="flex-1 flex flex-col">[39m
[31m+                       <div classname="mb-6">[39m
[31m+                         <div classname="flex items-baseline gap-1 mb-2">[39m
[31m+                           <span classname="font-display text-4xl font-semibold text-primary">[39m
[31m+                             {suite.price}[39m
[31m+                           </span>[39m
[31m+                           <span classname="text-sm text-foreground/60">[39m
[31m+                             {suite.period}[39m
[31m+                           </span>[39m
[31m+                         </div>[39m
[31m+                         <p classname="text-sm text-foreground/50">[39m
[31m+                           all features included. no extra charges.[39m
[31m+                         </p>[39m
[31m+                       </div>[39m
[31m+[39m
[31m+                       <ul classname="space-y-3 flex-1">[39m
[31m+                         {suite.features.map((feature) => ([39m
[31m+                           <li key={feature} classname="flex items-start gap-3">[39m
[31m+                             <checkcircle2 classname="mt-0.5 h-5 w-5 shrink-0 text-primary flex-shrink-0" />[39m
[31m+                             <span classname="text-sm text-foreground/70">[39m
[31m+                               {feature}[39m
[31m+                             </span>[39m
[31m+                           </li>[39m
[31m+                         ))}[39m
[31m+                       </ul>[39m
[31m+[39m
[31m+                       <button[39m
[31m+                         classname="mt-8 w-full bg-primary hover:bg-primary/90 text-primary-foreground"[39m
[31m+                         size="lg"[39m
[31m+                         aschild[39m
[31m+                       >[39m
[31m+                         <link href="/book">book this suite</link>[39m
[31m+                       </button>[39m
[31m+                     </cardcontent>[39m
[31m+                   </card>[39m
[31m+                 </div>[39m
[31m+               </staggeritem>[39m
[31m+             ))}[39m
[31m+           </staggercontainer>[39m
[31m+         </div>[39m
[31m+       </section>[39m
[31m+[39m
[31m+       {/* multi-dog & extended stays */}[39m
[31m+       <fadeup>[39m
[31m+         <section classname="bg-secondary/40 py-16 md:py-20">[39m
[31m+           <div classname="container mx-auto px-4">[39m
[31m+             <div classname="mx-auto max-w-2xl rounded-xl border border-primary/20 bg-background/80 backdrop-blur-sm p-8">[39m
[31m+               <h3 classname="mb-4 font-display text-2xl font-semibold">[39m
[31m+                 special pricing[39m
[31m+               </h3>[39m
[31m+               <div classname="space-y-4 text-foreground/70">[39m
[31m+                 <div>[39m
[31m+                   <strong classname="text-foreground">multiple dogs (same family):</strong>[39m
[31m+                   <p classname="mt-1 text-sm">additional dogs receive a discounted rate. exact pricing shown in your pre-confirmation quote.</p>[39m
[31m+                 </div>[39m
[31m+                 <div>[39m
[31m+                   <strong classname="text-foreground">extended stays (14+ nights):</strong>[39m
[31m+                   <p classname="mt-1 text-sm">we offer special rates for longer stays. contact us for a custom quote.</p>[39m
[31m+                 </div>[39m
[31m+                 <div>[39m
[31m+                   <strong classname="text-foreground">holiday surcharge:</strong>[39m
[31m+                   <p classname="mt-1 text-sm">a 20% surcharge applies to thanksgiving, christmas, and new year's holidays. book early.</p>[39m
[31m+                 </div>[39m
[31m+               </div>[39m
[31m+             </div>[39m
[31m+           </div>[39m
[31m+         </section>[39m
[31m+       </fadeup>[39m
[31m+[39m
[31m+       {/* optional add-ons */}[39m
[31m+       <section classname="py-20 md:py-28">[39m
[31m+         <div classname="container mx-auto px-4">[39m
[31m+           <fadeup>[39m
[31m+             <div classname="mb-16 text-center">[39m
[31m+               <h2 classname="mb-4 font-display text-3xl md:text-4xl font-semibold">[39m
[31m+                 optional enhancements[39m
[31m+               </h2>[39m
[31m+               <p classname="text-lg text-foreground/60">[39m
[31m+                 customize your stay with premium care options (all optional, all clearly itemized)[39m
[31m+               </p>[39m
[31m+             </div>[39m
[31m+           </fadeup>[39m
[31m+[39m
[31m+           <div classname="mx-auto max-w-4xl">[39m
[31m+             <staggercontainer>[39m
[31m+               {addons.map((addon) => ([39m
[31m+                 <staggeritem key={addon.name}>[39m
[31m+                   <div classname="flex items-center justify-between p-4 rounded-lg hover:bg-primary/5 transition-colors duration-300 border border-border/30">[39m
[31m+                     <span classname="font-medium text-foreground">[39m
[31m+                       {addon.name}[39m
[31m+                     </span>[39m
[31m+                     <span classname="font-semibold text-primary">[39m
[31m+                       {addon.price}[39m
[31m+                     </span>[39m
[31m+                   </div>[39m
[31m+                 </staggeritem>[39m
[31m+               ))}[39m
[31m+             </staggercontainer>[39m
[31m+           </div>[39m
[31m+         </div>[39m
[31m+       </section>[39m
[31m+[39m
[31m+       {/* trust & transparency */}[39m
[31m+       <fadeup>[39m
[31m+         <section classname="bg-primary/5 py-16 md:py-20">[39m
[31m+           <div classname="container mx-auto px-4">[39m
[31m+             <div classname="mx-auto max-w-3xl rounded-xl border border-primary/20 p-8 md:p-12">[39m
[31m+               <div classname="flex items-start gap-4">[39m
[31m+                 <alertcircle classname="h-6 w-6 text-primary shrink-0 mt-1" />[39m
[31m+                 <div>[39m
[31m+                   <h3 classname="mb-4 font-display text-xl font-semibold">[39m
[31m+                     our promise: zero hidden fees[39m
[31m+                   </h3>[39m
[31m+                   <ul classname="space-y-2 text-foreground/70 text-sm">[39m
[31m+                     <li>✓ all prices confirmed before booking</li>[39m
[31m+                     <li>✓ no surprise charges at checkout</li>[39m
[31m+                     <li>✓ optional add-ons clearly itemized</li>[39m
[31m+                     <li>✓ multi-dog totals disclosed upfront</li>[39m
[31m+                     <li>✓ holiday rates disclosed at booking</li>[39m
[31m+                     <li>✓ transparent cancellation policy</li>[39m
[31m+                   </ul>[39m
[31m+                 </div>[39m
[31m+               </div>[39m
[31m+             </div>[39m
[31m+           </div>[39m
[31m+         </section>[39m
[31m+       </fadeup>[39m
[31m+[39m
[31m+       {/* policies */}[39m
[31m+       <fadeup>[39m
[31m+         <section classname="py-16 md:py-20">[39m
[31m+           <div classname="container mx-auto px-4">[39m
[31m+             <div classname="mx-auto max-w-3xl">[39m
[31m+               <h2 classname="mb-12 text-center font-display text-3xl md:text-4xl font-semibold">[39m
[31m+                 policies & terms[39m
[31m+               </h2>[39m
[31m+               <div classname="space-y-8">[39m
[31m+                 <div>[39m
[31m+                   <h3 classname="mb-3 font-display text-lg font-semibold">[39m
[31m+                     payment[39m
[31m+                   </h3>[39m
[31m+                   <p classname="text-foreground/70">[39m
[31m+                     payment is required at booking. we accept all major credit cards, debit cards, and digital wallets (apple pay, google pay). secure checkout guaranteed.[39m
[31m+                   </p>[39m
[31m+                 </div>[39m
[31m+                 <div>[39m
[31m+                   <h3 classname="mb-3 font-display text-lg font-semibold">[39m
[31m+                     cancellation policy[39m
[31m+                   </h3>[39m
[31m+                   <p classname="text-foreground/70">[39m
[31m+                     <strong classname="text-foreground">30+ days before stay:</strong> full refund. <strong classname="text-foreground">15-29 days:</strong> 50% refund. <strong classname="text-foreground">less than 15 days:</strong> booking retained (reschedule available). no fees charged.[39m
[31m+                   </p>[39m
[31m+                 </div>[39m
[31m+                 <div>[39m
[31m+                   <h3 classname="mb-3 font-display text-lg font-semibold">[39m
[31m+                     what's included[39m
[31m+                   </h3>[39m
[31m+                   <p classname="text-foreground/70">[39m
[31m+                     all meals, treats, bedding, climate control, cleaning, activities, and supervision are included in your nightly rate. no additional fees for these core services.[39m
[31m+                   </p>[39m
[31m+                 </div>[39m
[31m+                 <div>[39m
[31m+                   <h3 classname="mb-3 font-display text-lg font-semibold">[39m
[31m+                     questions?[39m
[31m+                   </h3>[39m
[31m+                   <p classname="text-foreground/70">[39m
[31m+                     contact us anytime at <strong>(315) 657-1332</strong> or <strong>info@zainesstayandplay.com</strong>. we're happy to walk you through pricing details.[39m
[31m+                   </p>[39m
[31m+                 </div>[39m
[31m+               </div>[39m
[31m+             </div>[39m
[31m+           </div>[39m
[31m+         </section>[39m
[31m+       </fadeup>[39m
[31m+[39m
[31m+       {/* cta */}[39m
[31m+       <fadeup>[39m
[31m+         <section classname="bg-gradient-to-r from-primary/90 to-primary py-16 md:py-24 text-primary-foreground">[39m
[31m+           <div classname="container mx-auto px-4 text-center">[39m
[31m+             <h2 classname="mb-4 font-display text-3xl md:text-4xl font-semibold">[39m
[31m+               ready to book?[39m
[31m+             </h2>[39m
[31m+             <p classname="mb-8 text-lg opacity-90 max-w-2xl mx-auto">[39m
[31m+               choose your suite and secure your dog's stay. your full price is confirmed before checkout.[39m
[31m+             </p>[39m
[31m+             <div classname="flex flex-col sm:flex-row justify-center gap-4">[39m
[31m+               <button[39m
[31m+                 size="lg"[39m
[31m+                 classname="bg-primary-foreground text-primary hover:bg-primary-foreground/90"[39m
[31m+                 aschild[39m
[31m+               >[39m
[31m+                 <link href="/book">check availability</link>[39m
[31m+               </button>[39m
[31m+               <button[39m
[31m+                 size="lg"[39m
[31m+                 variant="outline"[39m
[31m+                 classname="border-primary-foreground/50 text-primary-foreground hover:bg-primary-foreground/10"[39m
[31m+                 aschild[39m
[31m+               >[39m
[31m+                 <link href="/contact">talk with our team</link>[39m
[31m+               </button>[39m
[31m+             </div>[39m
[31m+           </div>[39m
[31m+         </section>[39m
[31m+       </fadeup>[39m
[31m+     </div>[39m
[31m+   );[39m
[31m+ }[39m
[31m+[39m

[36m [2m❯[22m src/__tests__/issue31-pricing-consistency.test.ts:[2m93:11[22m[39m
    [90m 91| [39m          source[33m,[39m
    [90m 92| [39m          `${routeCase.route} (${routeCase.file}) is missing required …
    [90m 93| [39m        )[33m.[39m[34mtoContain[39m(requiredClaim[33m.[39m[34mtoLowerCase[39m())[33m;[39m
    [90m   | [39m          [31m^[39m
    [90m 94| [39m      }
    [90m 95| [39m

[31m[2m⎯⎯⎯⎯⎯⎯⎯⎯⎯⎯⎯⎯⎯⎯⎯⎯⎯⎯⎯⎯⎯⎯⎯⎯[3/7]⎯[22m[39m

[41m[1m FAIL [22m[49m src/__tests__/issue31-pricing-consistency.test.ts[2m > [22mIssue #31 CP1 route copy consistency[2m > [22menforces required and forbidden pricing policy copy for /book
[31m[1mAssertionError[22m: /book (src/app/book/page.tsx) is missing required claim: before confirmation: expected '"use client";\n\nimport { useeffect, …' to contain 'before confirmation'[39m

[32m- Expected[39m
[31m+ Received[39m

[32m- before confirmation[39m
[31m+ "use client";[39m
[31m+[39m
[31m+ import { useeffect, usememo, usestate } from "react";[39m
[31m+ import { stepdates } from "@/app/book/components/stepdates";[39m
[31m+ import { stepsuites } from "@/app/book/components/stepsuites";[39m
[31m+ import { stepaccount } from "@/app/book/components/stepaccount";[39m
[31m+ import { steppets } from "@/app/book/components/steppets";[39m
[31m+ import { stepwaiver } from "@/app/book/components/stepwaiver";[39m
[31m+ import { steppayment } from "@/app/book/components/steppayment";[39m
[31m+ import { usebookingwizard } from "@/hooks/usebookingwizard";[39m
[31m+ import { stepper } from "@/components/stepper";[39m
[31m+ import { button } from "@/components/ui/button";[39m
[31m+ import { alert, alertdescription } from "@/components/ui/alert";[39m
[31m+ import { loader2 } from "lucide-react";[39m
[31m+ import { usesitesettings } from "@/hooks/use-site-settings";[39m
[31m+[39m
[31m+ type bookingvalidationpricing = {[39m
[31m+   subtotal: number;[39m
[31m+   tax: number;[39m
[31m+   total: number;[39m
[31m+   currency: string;[39m
[31m+   pricingmodellabel: string;[39m
[31m+   disclosure: string;[39m
[31m+ };[39m
[31m+[39m
[31m+ type bookingvalidationresponse = {[39m
[31m+   valid: boolean;[39m
[31m+   pricing: bookingvalidationpricing;[39m
[31m+ };[39m
[31m+[39m
[31m+ export default function bookpage() {[39m
[31m+   const { trustcopy } = usesitesettings();[39m
[31m+   const { currentstep, wizarddata, nextstep, prevstep, updatestepdata } =[39m
[31m+     usebookingwizard();[39m
[31m+   const [pricingquote, setpricingquote] =[39m
[31m+     usestate<bookingvalidationpricing | null>(null);[39m
[31m+   const [isquoteloading, setisquoteloading] = usestate(false);[39m
[31m+   const [quoteerror, setquoteerror] = usestate<string | null>(null);[39m
[31m+   const [quoteretrynonce, setquoteretrynonce] = usestate(0);[39m
[31m+[39m
[31m+   const hasquoteinputs = usememo(() => {[39m
[31m+     return boolean([39m
[31m+       wizarddata.dates?.checkin &&[39m
[31m+         wizarddata.dates?.checkout &&[39m
[31m+         wizarddata.suites?.suitetype &&[39m
[31m+         wizarddata.dates?.petcount,[39m
[31m+     );[39m
[31m+   }, [[39m
[31m+     wizarddata.dates?.checkin,[39m
[31m+     wizarddata.dates?.checkout,[39m
[31m+     wizarddata.suites?.suitetype,[39m
[31m+     wizarddata.dates?.petcount,[39m
[31m+   ]);[39m
[31m+[39m
[31m+   const visiblepricingquote = hasquoteinputs ? pricingquote : null;[39m
[31m+   const visiblequoteerror = hasquoteinputs ? quoteerror : null;[39m
[31m+[39m
[31m+   const nights = usememo(() => {[39m
[31m+     const checkin = wizarddata.dates?.checkin;[39m
[31m+     const checkout = wizarddata.dates?.checkout;[39m
[31m+[39m
[31m+     if (!checkin || !checkout) {[39m
[31m+       return 1;[39m
[31m+     }[39m
[31m+[39m
[31m+     const start = new date(checkin);[39m
[31m+     const end = new date(checkout);[39m
[31m+     const diffdays = math.ceil([39m
[31m+       (end.gettime() - start.gettime()) / (1000 * 60 * 60 * 24),[39m
[31m+     );[39m
[31m+[39m
[31m+     return math.max(1, diffdays);[39m
[31m+   }, [wizarddata.dates?.checkin, wizarddata.dates?.checkout]);[39m
[31m+[39m
[31m+   const bookingpayload = usememo(() => {[39m
[31m+     const checkin = wizarddata.dates?.checkin;[39m
[31m+     const checkout = wizarddata.dates?.checkout;[39m
[31m+     const petcount = wizarddata.dates?.petcount;[39m
[31m+     const suitetype = wizarddata.suites?.suitetype;[39m
[31m+[39m
[31m+     if (!checkin || !checkout || !petcount || !suitetype) {[39m
[31m+       return null;[39m
[31m+     }[39m
[31m+[39m
[31m+     const selectedpetcount =[39m
[31m+       (wizarddata.pets?.selectedpetids?.length || 0) +[39m
[31m+       (wizarddata.pets?.newpets?.length || 0);[39m
[31m+     const petnames =[39m
[31m+       wizarddata.pets?.newpets?.map((pet) => pet.name).join(", ") ||[39m
[31m+       `${math.max(selectedpetcount, petcount)} pet(s)`;[39m
[31m+[39m
[31m+     return {[39m
[31m+       checkin,[39m
[31m+       checkout,[39m
[31m+       suitetype,[39m
[31m+       petcount,[39m
[31m+       firstname: wizarddata.account?.firstname || "guest",[39m
[31m+       lastname: wizarddata.account?.lastname || "customer",[39m
[31m+       email: wizarddata.account?.email || "guest@example.com",[39m
[31m+       phone: wizarddata.account?.phone || "0000000000",[39m
[31m+       petnames,[39m
[31m+       specialrequests: "",[39m
[31m+       addons: wizarddata.suites?.addons || [],[39m
[31m+       newpets: wizarddata.pets?.newpets || [],[39m
[31m+       vaccines: wizarddata.pets?.vaccines || [],[39m
[31m+       waiver: {[39m
[31m+         liabilityaccepted: boolean(wizarddata.waiver?.liabilityaccepted),[39m
[31m+         medicalauthorizationaccepted: boolean([39m
[31m+           wizarddata.waiver?.medicalauthorizationaccepted,[39m
[31m+         ),[39m
[31m+         photoreleaseaccepted: boolean(wizarddata.waiver?.photoreleaseaccepted),[39m
[31m+         policyacknowledgmentaccepted: boolean([39m
[31m+           wizarddata.waiver?.policyacknowledgmentaccepted,[39m
[31m+         ),[39m
[31m+         signature: wizarddata.waiver?.signature || "pending-signature",[39m
[31m+       },[39m
[31m+     };[39m
[31m+   }, [wizarddata]);[39m
[31m+[39m
[31m+   useeffect(() => {[39m
[31m+     const checkin = wizarddata.dates?.checkin;[39m
[31m+     const checkout = wizarddata.dates?.checkout;[39m
[31m+     const suitetype = wizarddata.suites?.suitetype;[39m
[31m+     const petcount = wizarddata.dates?.petcount;[39m
[31m+[39m
[31m+     if (!checkin || !checkout || !suitetype || !petcount) {[39m
[31m+       return;[39m
[31m+     }[39m
[31m+[39m
[31m+     let iscancelled = false;[39m
[31m+[39m
[31m+     const validatepricing = async () => {[39m
[31m+       setquoteerror(null);[39m
[31m+       setisquoteloading(true);[39m
[31m+[39m
[31m+       try {[39m
[31m+         const response = await fetch("/api/bookings/validate", {[39m
[31m+           method: "post",[39m
[31m+           headers: {[39m
[31m+             "content-type": "application/json",[39m
[31m+           },[39m
[31m+           body: json.stringify({[39m
[31m+             checkin,[39m
[31m+             checkout,[39m
[31m+             suitetype,[39m
[31m+             petcount,[39m
[31m+           }),[39m
[31m+         });[39m
[31m+[39m
[31m+         const payload = (await response.json()) as[39m
[31m+           | bookingvalidationresponse[39m
[31m+           | { message?: string };[39m
[31m+[39m
[31m+         if (!response.ok || !("pricing" in payload)) {[39m
[31m+           throw new error([39m
[31m+             "message" in payload && payload.message[39m
[31m+               ? payload.message[39m
[31m+               : "unable to validate pricing right now.",[39m
[31m+           );[39m
[31m+         }[39m
[31m+[39m
[31m+         if (!iscancelled) {[39m
[31m+           setpricingquote(payload.pricing);[39m
[31m+         }[39m
[31m+       } catch (error) {[39m
[31m+         if (!iscancelled) {[39m
[31m+           setpricingquote(null);[39m
[31m+           setquoteerror([39m
[31m+             error instanceof error[39m
[31m+               ? error.message[39m
[31m+               : "unable to validate pricing right now.",[39m
[31m+           );[39m
[31m+         }[39m
[31m+       } finally {[39m
[31m+         if (!iscancelled) {[39m
[31m+           setisquoteloading(false);[39m
[31m+         }[39m
[31m+       }[39m
[31m+     };[39m
[31m+[39m
[31m+     void validatepricing();[39m
[31m+[39m
[31m+     return () => {[39m
[31m+       iscancelled = true;[39m
[31m+     };[39m
[31m+   }, [[39m
[31m+     wizarddata.dates?.checkin,[39m
[31m+     wizarddata.dates?.checkout,[39m
[31m+     wizarddata.dates?.petcount,[39m
[31m+     wizarddata.suites?.suitetype,[39m
[31m+     quoteretrynonce,[39m
[31m+   ]);[39m
[31m+[39m
[31m+   const steps = [[39m
[31m+     { id: "dates", label: "dates" },[39m
[31m+     { id: "suites", label: "suites" },[39m
[31m+     { id: "account", label: "account" },[39m
[31m+     { id: "pets", label: "pets" },[39m
[31m+     { id: "waiver", label: "waiver" },[39m
[31m+     { id: "payment", label: "payment" },[39m
[31m+   ];[39m
[31m+[39m
[31m+   return ([39m
[31m+     <div classname="min-h-screen bg-gradient-to-br from-primary/5 to-background py-12">[39m
[31m+       <div classname="container mx-auto px-4">[39m
[31m+         {/* header */}[39m
[31m+         <div classname="mb-8 text-center">[39m
[31m+           <h1 classname="mb-2 text-4xl font-bold">book your stay</h1>[39m
[31m+           <p classname="text-lg text-muted-foreground">[39m
[31m+             just a few steps to reserve your pet&apos;s vacation[39m
[31m+           </p>[39m
[31m+           <div classname="mt-4 flex justify-center">[39m
[31m+             <button aschild>[39m
[31m+               <a href="#booking-wizard">start booking</a>[39m
[31m+             </button>[39m
[31m+           </div>[39m
[31m+           <p classname="mt-3 text-sm text-muted-foreground">[39m
[31m+             {trustcopy.trustevidenceclaim}[39m
[31m+           </p>[39m
[31m+           <p classname="mt-2 text-sm text-muted-foreground">[39m
[31m+             {trustcopy.pricingdisclosure}[39m
[31m+           </p>[39m
[31m+         </div>[39m
[31m+[39m
[31m+         {/* progress bar */}[39m
[31m+         <div classname="mx-auto mb-8 max-w-4xl">[39m
[31m+           <stepper[39m
[31m+             steps={steps}[39m
[31m+             currentstep={steps.findindex((s) => s.id === currentstep)}[39m
[31m+           />[39m
[31m+         </div>[39m
[31m+[39m
[31m+         {/* step content */}[39m
[31m+         <div id="booking-wizard" classname="mx-auto max-w-2xl">[39m
[31m+           {currentstep === "dates" && ([39m
[31m+             <stepdates[39m
[31m+               data={wizarddata.dates || {}}[39m
[31m+               onupdate={(data) => updatestepdata("dates", data)}[39m
[31m+               onnext={nextstep}[39m
[31m+             />[39m
[31m+           )}[39m
[31m+[39m
[31m+           {currentstep === "suites" && ([39m
[31m+             <stepsuites[39m
[31m+               data={wizarddata.suites || {}}[39m
[31m+               onupdate={(data) => updatestepdata("suites", data)}[39m
[31m+               onnext={nextstep}[39m
[31m+               onback={prevstep}[39m
[31m+               nights={nights}[39m
[31m+             />[39m
[31m+           )}[39m
[31m+[39m
[31m+           {currentstep === "account" && ([39m
[31m+             <stepaccount[39m
[31m+               data={wizarddata.account || {}}[39m
[31m+               onupdate={(data) => updatestepdata("account", data)}[39m
[31m+               onnext={nextstep}[39m
[31m+               onback={prevstep}[39m
[31m+             />[39m
[31m+           )}[39m
[31m+[39m
[31m+           {currentstep === "pets" && ([39m
[31m+             <steppets[39m
[31m+               data={wizarddata.pets || {}}[39m
[31m+               onupdate={(data) => updatestepdata("pets", data)}[39m
[31m+               onnext={nextstep}[39m
[31m+               onback={prevstep}[39m
[31m+               petcount={wizarddata.dates?.petcount || 1}[39m
[31m+             />[39m
[31m+           )}[39m
[31m+[39m
[31m+           {currentstep === "waiver" && ([39m
[31m+             <stepwaiver[39m
[31m+               data={wizarddata.waiver || {}}[39m
[31m+               onupdate={(data) => updatestepdata("waiver", data)}[39m
[31m+               onnext={nextstep}[39m
[31m+               onback={prevstep}[39m
[31m+             />[39m
[31m+           )}[39m
[31m+[39m
[31m+           {currentstep === "payment" && ([39m
[31m+             <>[39m
[31m+               {isquoteloading ? ([39m
[31m+                 <alert>[39m
[31m+                   <loader2 classname="h-4 w-4 animate-spin" />[39m
[31m+                   <alertdescription>[39m
[31m+                     validating your final pricing before payment...[39m
[31m+                   </alertdescription>[39m
[31m+                 </alert>[39m
[31m+               ) : null}[39m
[31m+[39m
[31m+               {visiblequoteerror ? ([39m
[31m+                 <alert variant="destructive" classname="mb-4">[39m
[31m+                   <alertdescription>[39m
[31m+                     <div classname="flex flex-col gap-2">[39m
[31m+                       <span>{visiblequoteerror}</span>[39m
[31m+                       <div>[39m
[31m+                         <button[39m
[31m+                           type="button"[39m
[31m+                           variant="outline"[39m
[31m+                           size="sm"[39m
[31m+                           onclick={() =>[39m
[31m+                             setquoteretrynonce([39m
[31m+                               (currentvalue) => currentvalue + 1,[39m
[31m+                             )[39m
[31m+                           }[39m
[31m+                         >[39m
[31m+                           retry pricing validation[39m
[31m+                         </button>[39m
[31m+                       </div>[39m
[31m+                     </div>[39m
[31m+                   </alertdescription>[39m
[31m+                 </alert>[39m
[31m+               ) : null}[39m
[31m+[39m
[31m+               <steppayment[39m
[31m+                 data={wizarddata.payment || {}}[39m
[31m+                 onupdate={(data) => updatestepdata("payment", data)}[39m
[31m+                 onnext={nextstep}[39m
[31m+                 onback={prevstep}[39m
[31m+                 totalamount={visiblepricingquote?.total || 0}[39m
[31m+                 pricingquote={visiblepricingquote}[39m
[31m+                 bookingpayload={bookingpayload}[39m
[31m+               />[39m
[31m+             </>[39m
[31m+           )}[39m
[31m+         </div>[39m
[31m+       </div>[39m
[31m+     </div>[39m
[31m+   );[39m
[31m+ }[39m
[31m+[39m

[36m [2m❯[22m src/__tests__/issue31-pricing-consistency.test.ts:[2m93:11[22m[39m
    [90m 91| [39m          source[33m,[39m
    [90m 92| [39m          `${routeCase.route} (${routeCase.file}) is missing required …
    [90m 93| [39m        )[33m.[39m[34mtoContain[39m(requiredClaim[33m.[39m[34mtoLowerCase[39m())[33m;[39m
    [90m   | [39m          [31m^[39m
    [90m 94| [39m      }
    [90m 95| [39m

[31m[2m⎯⎯⎯⎯⎯⎯⎯⎯⎯⎯⎯⎯⎯⎯⎯⎯⎯⎯⎯⎯⎯⎯⎯⎯[4/7]⎯[22m[39m

[41m[1m FAIL [22m[49m src/__tests__/issue31-pricing-consistency.test.ts[2m > [22mIssue #31 CP1 route copy consistency[2m > [22menforces required and forbidden pricing policy copy for /contact
[31m[1mAssertionError[22m: /contact (src/app/contact/page.tsx) is missing required claim: before confirmation: expected 'import { metadata } from "next";\nimp…' to contain 'before confirmation'[39m

[32m- Expected[39m
[31m+ Received[39m

[32m- before confirmation[39m
[31m+ import { metadata } from "next";[39m
[31m+ import contactpagecontent from "./page-content";[39m
[31m+ import { simplepagemetadatafromsettings } from "@/lib/seo-page-metadata";[39m
[31m+[39m
[31m+ export async function generatemetadata(): promise<metadata> {[39m
[31m+   return simplepagemetadatafromsettings({[39m
[31m+     title: "contact syracuse dog boarding team",[39m
[31m+     description:[39m
[31m+       "contact zaine's stay & play for private dog boarding syracuse support, small dog boarding syracuse availability, and transparent care policy questions.",[39m
[31m+     canonicalpath: "/contact",[39m
[31m+   });[39m
[31m+ }[39m
[31m+[39m
[31m+ export default function contactpage() {[39m
[31m+   return <contactpagecontent />;[39m
[31m+ }[39m
[31m+[39m

[36m [2m❯[22m src/__tests__/issue31-pricing-consistency.test.ts:[2m93:11[22m[39m
    [90m 91| [39m          source[33m,[39m
    [90m 92| [39m          `${routeCase.route} (${routeCase.file}) is missing required …
    [90m 93| [39m        )[33m.[39m[34mtoContain[39m(requiredClaim[33m.[39m[34mtoLowerCase[39m())[33m;[39m
    [90m   | [39m          [31m^[39m
    [90m 94| [39m      }
    [90m 95| [39m

[31m[2m⎯⎯⎯⎯⎯⎯⎯⎯⎯⎯⎯⎯⎯⎯⎯⎯⎯⎯⎯⎯⎯⎯⎯⎯[5/7]⎯[22m[39m

[41m[1m FAIL [22m[49m src/__tests__/issue31-pricing-consistency.test.ts[2m > [22mIssue #31 CP1 route copy consistency[2m > [22menforces required and forbidden pricing policy copy for /reviews
[31m[1mAssertionError[22m: /reviews (src/app/reviews/page.tsx) is missing required claim: before confirmation: expected '\'use client\';\n\nimport link from "…' to contain 'before confirmation'[39m

[32m- Expected[39m
[31m+ Received[39m

[32m- before confirmation[39m
[31m+ 'use client';[39m
[31m+[39m
[31m+ import link from "next/link";[39m
[31m+ import { badge } from "@/components/ui/badge";[39m
[31m+ import { button } from "@/components/ui/button";[39m
[31m+ import { card, cardcontent } from "@/components/ui/card";[39m
[31m+ import { star, quote } from "lucide-react";[39m
[31m+ import { fadeup, staggercontainer, staggeritem } from "@/components/motion";[39m
[31m+[39m
[31m+ const reviews = [[39m
[31m+   {[39m
[31m+     id: 1,[39m
[31m+     author: "sarah m.",[39m
[31m+     rating: 5,[39m
[31m+     date: "2 weeks ago",[39m
[31m+     petname: "max",[39m
[31m+     text: "max had an amazing time! the staff sent us photos throughout our vacation and he seemed so happy. the webcam access was a game-changer for our peace of mind. highly recommend!",[39m
[31m+     verified: true,[39m
[31m+   },[39m
[31m+   {[39m
[31m+     id: 2,[39m
[31m+     author: "james t.",[39m
[31m+     rating: 5,[39m
[31m+     date: "1 month ago",[39m
[31m+     petname: "luna",[39m
[31m+     text: "luna settled in quickly and got the calm routine she needs. the updates were clear and on time, and pickup was smooth.",[39m
[31m+     verified: true,[39m
[31m+   },[39m
[31m+   {[39m
[31m+     id: 3,[39m
[31m+     author: "emily r.",[39m
[31m+     rating: 5,[39m
[31m+     date: "1 month ago",[39m
[31m+     petname: "charlie",[39m
[31m+     text: "charlie can be nervous in new places, but the small-capacity setup helped him relax. communication was excellent from start to finish.",[39m
[31m+     verified: true,[39m
[31m+   },[39m
[31m+   {[39m
[31m+     id: 4,[39m
[31m+     author: "michael k.",[39m
[31m+     rating: 5,[39m
[31m+     date: "2 months ago",[39m
[31m+     petname: "bella",[39m
[31m+     text: "this was bella's first time boarding and i was nervous. the staff made the process so easy and kept us updated. when we picked her up, she didn't want to leave! that says it all.",[39m
[31m+     verified: true,[39m
[31m+   },[39m
[31m+   {[39m
[31m+     id: 5,[39m
[31m+     author: "lisa p.",[39m
[31m+     rating: 5,[39m
[31m+     date: "2 months ago",[39m
[31m+     petname: "rocky",[39m
[31m+     text: "rocky did great with the structured boarding routine. we appreciated the safety-first approach and daily check-ins.",[39m
[31m+     verified: true,[39m
[31m+   },[39m
[31m+   {[39m
[31m+     id: 6,[39m
[31m+     author: "david w.",[39m
[31m+     rating: 5,[39m
[31m+     date: "3 months ago",[39m
[31m+     petname: "daisy",[39m
[31m+     text: "the luxury suite was absolutely worth it! daisy had her own little paradise. clean facilities, attentive staff, and so many activities. she's already booked for next month!",[39m
[31m+     verified: true,[39m
[31m+   },[39m
[31m+ ];[39m
[31m+[39m
[31m+ const stats = [[39m
[31m+   { value: "4.9/5", label: "average rating" },[39m
[31m+   { value: "150+", label: "verified reviews" },[39m
[31m+   { value: "98%", label: "would recommend" },[39m
[31m+   { value: "1,200+", label: "dogs boarded" },[39m
[31m+ ];[39m
[31m+[39m
[31m+ export default function reviewspage() {[39m
[31m+   return ([39m
[31m+     <div classname="flex min-h-screen flex-col bg-background">[39m
[31m+       {/* hero section */}[39m
[31m+       <fadeup>[39m
[31m+         <section classname="relative bg-gradient-to-br from-primary/5 via-primary/2 to-secondary/3 py-20 md:py-32">[39m
[31m+           <div classname="container mx-auto px-4">[39m
[31m+             <div classname="mx-auto max-w-3xl text-center">[39m
[31m+               <badge classname="mb-4 bg-primary/10 text-primary border-primary/20">[39m
[31m+                 reviews & testimonials[39m
[31m+               </badge>[39m
[31m+               <h1 classname="mb-6 font-display text-4xl md:text-5xl lg:text-6xl font-semibold tracking-tight">[39m
[31m+                 trusted by families across syracuse[39m
[31m+               </h1>[39m
[31m+               <p classname="mb-8 text-lg md:text-xl text-foreground/70">[39m
[31m+                 read what pet parents say about their experience with zaine's stay & play[39m
[31m+               </p>[39m
[31m+               [39m
[31m+               {/* star rating display */}[39m
[31m+               <div classname="flex items-center justify-center gap-3 mb-8">[39m
[31m+                 <div classname="flex gap-1">[39m
[31m+                   {[1, 2, 3, 4, 5].map((star) => ([39m
[31m+                     <star[39m
[31m+                       key={star}[39m
[31m+                       classname="h-6 w-6 fill-primary text-primary"[39m
[31m+                       aria-hidden="true"[39m
[31m+                     />[39m
[31m+                   ))}[39m
[31m+                 </div>[39m
[31m+                 <span classname="font-display text-3xl font-semibold text-primary">4.9/5</span>[39m
[31m+                 <span classname="text-foreground/60">(150+ verified reviews)</span>[39m
[31m+               </div>[39m
[31m+             </div>[39m
[31m+           </div>[39m
[31m+         </section>[39m
[31m+       </fadeup>[39m
[31m+[39m
[31m+       {/* stats */}[39m
[31m+       <fadeup>[39m
[31m+         <section classname="py-16 md:py-20">[39m
[31m+           <div classname="container mx-auto px-4">[39m
[31m+             <div classname="grid grid-cols-2 gap-8 md:grid-cols-4">[39m
[31m+               {stats.map((stat) => ([39m
[31m+                 <div key={stat.label} classname="text-center">[39m
[31m+                   <div classname="mb-3 font-display text-3xl md:text-4xl font-semibold text-primary">[39m
[31m+                     {stat.value}[39m
[31m+                   </div>[39m
[31m+                   <div classname="text-sm text-foreground/60 font-medium">[39m
[31m+                     {stat.label}[39m
[31m+                   </div>[39m
[31m+                 </div>[39m
[31m+               ))}[39m
[31m+             </div>[39m
[31m+           </div>[39m
[31m+         </section>[39m
[31m+       </fadeup>[39m
[31m+[39m
[31m+       {/* reviews grid */}[39m
[31m+       <section classname="py-20 md:py-28">[39m
[31m+         <div classname="container mx-auto px-4">[39m
[31m+           <fadeup>[39m
[31m+             <div classname="mb-16 text-center">[39m
[31m+               <h2 classname="mb-4 font-display text-3xl md:text-4xl font-semibold">[39m
[31m+                 real feedback from real pet parents[39m
[31m+               </h2>[39m
[31m+               <p classname="text-lg text-foreground/60">[39m
[31m+                 every review is verified from families we've served[39m
[31m+               </p>[39m
[31m+             </div>[39m
[31m+           </fadeup>[39m
[31m+[39m
[31m+           <staggercontainer>[39m
[31m+             <div classname="grid gap-6 md:grid-cols-2 auto-rows-max">[39m
[31m+               {reviews.map((review) => ([39m
[31m+                 <staggeritem key={review.id}>[39m
[31m+                   <card classname="border-border/50 hover:border-primary/30 transition-all duration-300 h-full flex flex-col">[39m
[31m+                     <cardcontent classname="flex flex-1 flex-col pt-6">[39m
[31m+                       {/* header with quote icon */}[39m
[31m+                       <div classname="mb-4 flex items-start justify-between">[39m
[31m+                         <div classname="flex-1">[39m
[31m+                           <div classname="mb-2 flex items-center gap-2">[39m
[31m+                             <h3 classname="font-display font-semibold text-foreground">[39m
[31m+                               {review.author}[39m
[31m+                             </h3>[39m
[31m+                             {review.verified && ([39m
[31m+                               <badge classname="text-xs bg-primary/10 text-primary border-primary/20">[39m
[31m+                                 verified[39m
[31m+                               </badge>[39m
[31m+                             )}[39m
[31m+                           </div>[39m
[31m+                           <div classname="text-sm text-foreground/60 font-medium">[39m
[31m+                             {review.petname} • {review.date}[39m
[31m+                           </div>[39m
[31m+                         </div>[39m
[31m+                         <quote classname="h-6 w-6 text-primary/10 shrink-0" />[39m
[31m+                       </div>[39m
[31m+[39m
[31m+                       {/* star rating */}[39m
[31m+                       <div classname="mb-4 flex items-center gap-1">[39m
[31m+                         {[1, 2, 3, 4, 5].map((star) => ([39m
[31m+                           <star[39m
[31m+                             key={star}[39m
[31m+                             classname={`h-4 w-4 ${[39m
[31m+                               star <= review.rating[39m
[31m+                                 ? "fill-primary text-primary"[39m
[31m+                                 : "text-border"[39m
[31m+                             }`}[39m
[31m+                             aria-hidden="true"[39m
[31m+                           />[39m
[31m+                         ))}[39m
[31m+                       </div>[39m
[31m+[39m
[31m+                       {/* review text */}[39m
[31m+                       <p classname="flex-1 text-foreground/70 leading-relaxed">[39m
[31m+                         {review.text}[39m
[31m+                       </p>[39m
[31m+                     </cardcontent>[39m
[31m+                   </card>[39m
[31m+                 </staggeritem>[39m
[31m+               ))}[39m
[31m+             </div>[39m
[31m+           </staggercontainer>[39m
[31m+         </div>[39m
[31m+       </section>[39m
[31m+[39m
[31m+       {/* why pet parents trust us */}[39m
[31m+       <fadeup>[39m
[31m+         <section classname="bg-secondary/40 py-16 md:py-20">[39m
[31m+           <div classname="container mx-auto px-4">[39m
[31m+             <div classname="mx-auto max-w-3xl rounded-xl border border-primary/20 bg-background/80 backdrop-blur-sm p-8">[39m
[31m+               <h3 classname="mb-6 font-display text-2xl font-semibold">[39m
[31m+                 why families trust us[39m
[31m+               </h3>[39m
[31m+               <ul classname="space-y-3 text-foreground/70">[39m
[31m+                 <li classname="flex gap-3">[39m
[31m+                   <span classname="text-primary font-semibold">✓</span>[39m
[31m+                   <span><strong classname="text-foreground">small capacity:</strong> only 3 suites means your dog gets individualized attention, not a crowded kennel</span>[39m
[31m+                 </li>[39m
[31m+                 <li classname="flex gap-3">[39m
[31m+                   <span classname="text-primary font-semibold">✓</span>[39m
[31m+                   <span><strong classname="text-foreground">owner on-site:</strong> 24/7 supervision from someone who genuinely cares about your pet</span>[39m
[31m+                 </li>[39m
[31m+                 <li classname="flex gap-3">[39m
[31m+                   <span classname="text-primary font-semibold">✓</span>[39m
[31m+                   <span><strong classname="text-foreground">transparent pricing:</strong> no hidden fees, no surprises at checkout</span>[39m
[31m+                 </li>[39m
[31m+                 <li classname="flex gap-3">[39m
[31m+                   <span classname="text-primary font-semibold">✓</span>[39m
[31m+                   <span><strong classname="text-foreground">calm environment:</strong> reduced stress, predictable routines, personalized care</span>[39m
[31m+                 </li>[39m
[31m+                 <li classname="flex gap-3">[39m
[31m+                   <span classname="text-primary font-semibold">✓</span>[39m
[31m+                   <span><strong classname="text-foreground">daily updates:</strong> photos, videos, and regular check-ins keep you connected</span>[39m
[31m+                 </li>[39m
[31m+               </ul>[39m
[31m+             </div>[39m
[31m+           </div>[39m
[31m+         </section>[39m
[31m+       </fadeup>[39m
[31m+[39m
[31m+       {/* cta */}[39m
[31m+       <fadeup>[39m
[31m+         <section classname="bg-gradient-to-r from-primary/90 to-primary py-16 md:py-24 text-primary-foreground">[39m
[31m+           <div classname="container mx-auto px-4 text-center">[39m
[31m+             <h2 classname="mb-4 font-display text-3xl md:text-4xl font-semibold">[39m
[31m+               join our community of happy pet parents[39m
[31m+             </h2>[39m
[31m+             <p classname="mb-8 text-lg opacity-90 max-w-2xl mx-auto">[39m
[31m+               experience the personalized care, calm environment, and peace of mind that earns us 4.9 stars.[39m
[31m+             </p>[39m
[31m+             <div classname="flex flex-col sm:flex-row justify-center gap-4">[39m
[31m+               <button[39m
[31m+                 size="lg"[39m
[31m+                 classname="bg-primary-foreground text-primary hover:bg-primary-foreground/90"[39m
[31m+                 aschild[39m
[31m+               >[39m
[31m+                 <link href="/book">book your stay</link>[39m
[31m+               </button>[39m
[31m+               <button[39m
[31m+                 size="lg"[39m
[31m+                 variant="outline"[39m
[31m+                 classname="border-primary-foreground/50 text-primary-foreground hover:bg-primary-foreground/10"[39m
[31m+                 aschild[39m
[31m+               >[39m
[31m+                 <link href="/contact">schedule a tour</link>[39m
[31m+               </button>[39m
[31m+             </div>[39m
[31m+           </div>[39m
[31m+         </section>[39m
[31m+       </fadeup>[39m
[31m+[39m
[31m+       {/* schema.org structured data */}[39m
[31m+       <script[39m
[31m+         type="application/ld+json"[39m
[31m+         dangerouslysetinnerhtml={{[39m
[31m+           __html: json.stringify({[39m
[31m+             "@context": "https://schema.org",[39m
[31m+             "@type": "localbusiness",[39m
[31m+             name: "zaine's stay & play",[39m
[31m+             aggregaterating: {[39m
[31m+               "@type": "aggregaterating",[39m
[31m+               ratingvalue: "4.9",[39m
[31m+               ratingcount: 150,[39m
[31m+               bestrating: "5",[39m
[31m+               worstrating: "1",[39m
[31m+             },[39m
[31m+             review: reviews.slice(0, 6).map((review) => ({[39m
[31m+               "@type": "review",[39m
[31m+               reviewrating: {[39m
[31m+                 "@type": "rating",[39m
[31m+                 ratingvalue: review.rating,[39m
[31m+                 bestrating: "5",[39m
[31m+                 worstrating: "1",[39m
[31m+               },[39m
[31m+               author: {[39m
[31m+                 "@type": "person",[39m
[31m+                 name: review.author,[39m
[31m+               },[39m
[31m+               reviewbody: review.text,[39m
[31m+               datepublished: new date().toisostring().split("t")[0],[39m
[31m+             })),[39m
[31m+           }),[39m
[31m+         }}[39m
[31m+       />[39m
[31m+     </div>[39m
[31m+   );[39m
[31m+ }[39m
[31m+[39m

[36m [2m❯[22m src/__tests__/issue31-pricing-consistency.test.ts:[2m93:11[22m[39m
    [90m 91| [39m          source[33m,[39m
    [90m 92| [39m          `${routeCase.route} (${routeCase.file}) is missing required …
    [90m 93| [39m        )[33m.[39m[34mtoContain[39m(requiredClaim[33m.[39m[34mtoLowerCase[39m())[33m;[39m
    [90m   | [39m          [31m^[39m
    [90m 94| [39m      }
    [90m 95| [39m

[31m[2m⎯⎯⎯⎯⎯⎯⎯⎯⎯⎯⎯⎯⎯⎯⎯⎯⎯⎯⎯⎯⎯⎯⎯⎯[6/7]⎯[22m[39m

[41m[1m FAIL [22m[49m src/__tests__/issue31-pricing-consistency.test.ts[2m > [22mIssue #31 CP1 route copy consistency[2m > [22menforces required and forbidden pricing policy copy for /faq
[31m[1mAssertionError[22m: /faq (src/app/faq/page.tsx) is missing required claim: no surprise add-ons: expected '\'use client\';\n\nimport { usestate …' to contain 'no surprise add-ons'[39m

[32m- Expected[39m
[31m+ Received[39m

[32m- no surprise add-ons[39m
[31m+ 'use client';[39m
[31m+[39m
[31m+ import { usestate } from "react";[39m
[31m+ import link from "next/link";[39m
[31m+ import { badge } from "@/components/ui/badge";[39m
[31m+ import { button } from "@/components/ui/button";[39m
[31m+ import { card, cardcontent } from "@/components/ui/card";[39m
[31m+ import { input } from "@/components/ui/input";[39m
[31m+ import {[39m
[31m+   accordion,[39m
[31m+   accordioncontent,[39m
[31m+   accordionitem,[39m
[31m+   accordiontrigger,[39m
[31m+ } from "@/components/ui/accordion";[39m
[31m+ import { tabs, tabscontent, tabslist, tabstrigger } from "@/components/ui/tabs";[39m
[31m+ import { search, messagecircle, phoneicon, mappin } from "lucide-react";[39m
[31m+ import { fadeup, staggercontainer, staggeritem } from "@/components/motion";[39m
[31m+[39m
[31m+ const faqcategories = {[39m
[31m+   general: [[39m
[31m+     {[39m
[31m+       q: "what are your hours of operation?",[39m
[31m+       a: "we're open 6:00 am - 8:00 pm daily for drop-off and pick-up. however, we provide 24/7 supervision for all boarding guests.",[39m
[31m+     },[39m
[31m+     {[39m
[31m+       q: "what areas do you serve?",[39m
[31m+       a: "we serve syracuse, liverpool, cicero, baldwinsville, fayetteville, manlius, clay, north syracuse, and surrounding areas within 30 miles of our facility.",[39m
[31m+     },[39m
[31m+     {[39m
[31m+       q: "do you offer tours of your facility?",[39m
[31m+       a: "yes! we encourage all new clients to schedule a tour. you can book a tour through our website or give us a call. tours are available monday-saturday 10am-6pm.",[39m
[31m+     },[39m
[31m+     {[39m
[31m+       q: "are you licensed and insured?",[39m
[31m+       a: "yes, we are fully licensed by the new york state department of agriculture and carry comprehensive liability insurance for your peace of mind.",[39m
[31m+     },[39m
[31m+   ],[39m
[31m+   boarding: [[39m
[31m+     {[39m
[31m+       q: "what's included with boarding?",[39m
[31m+       a: "all boarding stays include: comfortable accommodations, multiple potty breaks, group play sessions, meal service (you provide food), daily cleaning, 24/7 supervision, and photo updates.",[39m
[31m+     },[39m
[31m+     {[39m
[31m+       q: "can i bring my dog's food?",[39m
[31m+       a: "yes, we actually require it! please bring enough food for your dog's entire stay, plus 1-2 extra days. this helps prevent tummy upset from food changes.",[39m
[31m+     },[39m
[31m+     {[39m
[31m+       q: "what if my dog needs medication?",[39m
[31m+       a: "we're happy to administer medications at no additional charge. please provide clear written instructions and all medications in their original packaging.",[39m
[31m+     },[39m
[31m+     {[39m
[31m+       q: "how often will i get photo updates?",[39m
[31m+       a: "we send daily photo updates via text or email. deluxe and luxury suite guests also have 24/7 webcam access to their pet's suite.",[39m
[31m+     },[39m
[31m+     {[39m
[31m+       q: "can dogs from the same family share a suite?",[39m
[31m+       a: "yes! dogs from the same family can share deluxe or luxury suites. additional pet rates apply but are discounted (15% off for 2nd pet, 20% off for 3rd+).",[39m
[31m+     },[39m
[31m+     {[39m
[31m+       q: "what if my plans change and i need to extend my stay?",[39m
[31m+       a: "no problem! as long as we have availability, we can extend your stay. contact us as soon as possible to avoid any scheduling conflicts.",[39m
[31m+     },[39m
[31m+   ],[39m
[31m+   health: [[39m
[31m+     {[39m
[31m+       q: "what vaccinations are required?",[39m
[31m+       a: "all dogs must be current on: rabies, dhpp (distemper/parvo), and bordetella (kennel cough). canine influenza vaccine is strongly recommended. proof of vaccination must be provided before the first visit.",[39m
[31m+     },[39m
[31m+     {[39m
[31m+       q: "do you accept puppies?",[39m
[31m+       a: "puppies must be at least 4 months old and fully vaccinated (2 weeks after final puppy shots). we have puppy preschool available for younger pups!",[39m
[31m+     },[39m
[31m+     {[39m
[31m+       q: "what if my dog has behavioral issues?",[39m
[31m+       a: "we welcome all dogs! however, for the safety of all guests, dogs with a history of aggression toward people or other dogs may require an evaluation before acceptance. contact us to discuss.",[39m
[31m+     },[39m
[31m+     {[39m
[31m+       q: "do you accept senior dogs?",[39m
[31m+       a: "yes! we love senior dogs. we'll work with you to accommodate any special needs like mobility issues, frequent potty breaks, or medications.",[39m
[31m+     },[39m
[31m+     {[39m
[31m+       q: "what about flea/tick prevention?",[39m
[31m+       a: "all dogs must be on current flea/tick prevention. if we discover fleas, we'll treat your dog (at owner's expense) to protect other guests.",[39m
[31m+     },[39m
[31m+   ],[39m
[31m+   payment: [[39m
[31m+     {[39m
[31m+       q: "when is payment due?",[39m
[31m+       a: "payment is required at the time of booking. we accept all major credit cards, debit cards, and digital wallets (apple pay, google pay).",[39m
[31m+     },[39m
[31m+     {[39m
[31m+       q: "what's your cancellation policy?",[39m
[31m+       a: "free cancellation up to 48 hours before check-in for full refund. cancellations within 48 hours receive 50% refund. no-shows are not refunded.",[39m
[31m+     },[39m
[31m+     {[39m
[31m+       q: "how is pricing for multiple dogs handled?",[39m
[31m+       a: "multi-dog pricing is itemized in your quote before confirmation so you can review a clear subtotal, tax, and total with no hidden fees.",[39m
[31m+     },[39m
[31m+     {[39m
[31m+       q: "what if i pick up late?",[39m
[31m+       a: "late pickups (after 8 pm) are charged $25 per hour. if you're running late, please call us so we can arrange care for your pet.",[39m
[31m+     },[39m
[31m+     {[39m
[31m+       q: "do you charge extra for holidays?",[39m
[31m+       a: "holiday pricing may differ for select dates and is always disclosed before confirmation. no hidden fees or surprise add-ons are introduced later.",[39m
[31m+     },[39m
[31m+   ],[39m
[31m+ };[39m
[31m+[39m
[31m+ export default function faqpage() {[39m
[31m+   const [searchquery, setsearchquery] = usestate("");[39m
[31m+   const [activecategory, setactivecategory] = usestate("general");[39m
[31m+[39m
[31m+   const allfaqs = object.values(faqcategories).flat();[39m
[31m+[39m
[31m+   return ([39m
[31m+     <div classname="flex min-h-screen flex-col bg-background">[39m
[31m+       {/* hero section */}[39m
[31m+       <fadeup>[39m
[31m+         <section classname="relative bg-gradient-to-br from-primary/5 via-primary/2 to-secondary/3 py-20 md:py-32">[39m
[31m+           <div classname="container mx-auto px-4">[39m
[31m+             <div classname="mx-auto max-w-3xl text-center">[39m
[31m+               <badge classname="mb-4 bg-primary/10 text-primary border-primary/20">[39m
[31m+                 help center[39m
[31m+               </badge>[39m
[31m+               <h1 classname="mb-6 font-display text-4xl md:text-5xl lg:text-6xl font-semibold tracking-tight">[39m
[31m+                 frequently asked questions[39m
[31m+               </h1>[39m
[31m+               <p classname="mb-8 text-lg md:text-xl text-foreground/70">[39m
[31m+                 find answers to questions about our boarding services, policies, vaccinations, and booking process[39m
[31m+               </p>[39m
[31m+[39m
[31m+               {/* search */}[39m
[31m+               <div classname="relative mx-auto max-w-xl">[39m
[31m+                 <search classname="absolute left-4 top-1/2 h-5 w-5 -translate-y-1/2 text-foreground/40" />[39m
[31m+                 <input[39m
[31m+                   type="search"[39m
[31m+                   placeholder="search questions..."[39m
[31m+                   classname="h-14 pl-12 text-lg border-border/30 bg-background/50 backdrop-blur-sm"[39m
[31m+                   aria-label="search frequently asked questions"[39m
[31m+                   value={searchquery}[39m
[31m+                   onchange={(e) => setsearchquery(e.target.value)}[39m
[31m+                 />[39m
[31m+               </div>[39m
[31m+             </div>[39m
[31m+           </div>[39m
[31m+         </section>[39m
[31m+       </fadeup>[39m
[31m+[39m
[31m+       {/* faq content */}[39m
[31m+       <section classname="py-20 md:py-28">[39m
[31m+         <div classname="container mx-auto px-4">[39m
[31m+           <fadeup>[39m
[31m+             <div classname="mx-auto max-w-4xl">[39m
[31m+               <tabs[39m
[31m+                 value={activecategory}[39m
[31m+                 onvaluechange={setactivecategory}[39m
[31m+                 classname="w-full"[39m
[31m+               >[39m
[31m+                 <tabslist classname="mb-12 grid w-full grid-cols-2 md:grid-cols-2 lg:grid-cols-4 gap-2">[39m
[31m+                   <tabstrigger value="general" classname="text-sm md:text-base">general</tabstrigger>[39m
[31m+                   <tabstrigger value="boarding" classname="text-sm md:text-base">boarding</tabstrigger>[39m
[31m+                   <tabstrigger value="health" classname="text-sm md:text-base">health</tabstrigger>[39m
[31m+                   <tabstrigger value="payment" classname="text-sm md:text-base">payment</tabstrigger>[39m
[31m+                 </tabslist>[39m
[31m+[39m
[31m+                 {object.entries(faqcategories).map(([category, questions]) => ([39m
[31m+                   <tabscontent key={category} value={category}>[39m
[31m+                     <staggercontainer>[39m
[31m+                       <accordion type="single" collapsible classname="space-y-3">[39m
[31m+                         {questions[39m
[31m+                           .filter((faq) =>[39m
[31m+                             searchquery[39m
[31m+                               ? faq.q.tolowercase().includes(searchquery.tolowercase()) ||[39m
[31m+                                 faq.a.tolowercase().includes(searchquery.tolowercase())[39m
[31m+                               : true,[39m
[31m+                           )[39m
[31m+                           .map((faq, index) => ([39m
[31m+                             <staggeritem key={index}>[39m
[31m+                               <accordionitem[39m
[31m+                                 value={`${category}-${index}`}[39m
[31m+                                 classname="border border-border/30 rounded-lg px-6 bg-background/50 hover:bg-background transition-colors duration-200 data-[state=open]:bg-background"[39m
[31m+                               >[39m
[31m+                                 <accordiontrigger classname="text-left hover:no-underline py-4 font-display font-semibold text-foreground/90 hover:text-foreground">[39m
[31m+                                   <span>{faq.q}</span>[39m
[31m+                                 </accordiontrigger>[39m
[31m+                                 <accordioncontent classname="text-foreground/70 pb-4 pt-0 leading-relaxed">[39m
[31m+                                   {faq.a}[39m
[31m+                                 </accordioncontent>[39m
[31m+                               </accordionitem>[39m
[31m+                             </staggeritem>[39m
[31m+                           ))}[39m
[31m+                       </accordion>[39m
[31m+[39m
[31m+                       {questions.filter((faq) =>[39m
[31m+                         searchquery[39m
[31m+                           ? faq.q.tolowercase().includes(searchquery.tolowercase()) ||[39m
[31m+                             faq.a.tolowercase().includes(searchquery.tolowercase())[39m
[31m+                           : true,[39m
[31m+                       ).length === 0 && ([39m
[31m+                         <div classname="py-16 text-center">[39m
[31m+                           <search classname="mx-auto mb-4 h-16 w-16 text-foreground/20" />[39m
[31m+                           <h3 classname="mb-2 font-display text-xl font-semibold">[39m
[31m+                             no results found[39m
[31m+                           </h3>[39m
[31m+                           <p classname="text-foreground/60">[39m
[31m+                             try adjusting your search or browse other categories[39m
[31m+                           </p>[39m
[31m+                         </div>[39m
[31m+                       )}[39m
[31m+                     </staggercontainer>[39m
[31m+                   </tabscontent>[39m
[31m+                 ))}[39m
[31m+               </tabs>[39m
[31m+             </div>[39m
[31m+           </fadeup>[39m
[31m+         </div>[39m
[31m+       </section>[39m
[31m+[39m
[31m+       {/* quick links */}[39m
[31m+       <fadeup>[39m
[31m+         <section classname="bg-secondary/40 py-16 md:py-20">[39m
[31m+           <div classname="container mx-auto px-4">[39m
[31m+             <h2 classname="mb-12 text-center font-display text-3xl md:text-4xl font-semibold">[39m
[31m+               need more help?[39m
[31m+             </h2>[39m
[31m+             <div classname="mx-auto grid max-w-4xl gap-6 md:grid-cols-3">[39m
[31m+               <card classname="border-border/50 hover:border-primary/30 transition-all duration-300">[39m
[31m+                 <cardcontent classname="pt-6">[39m
[31m+                   <div classname="mb-4 flex justify-center">[39m
[31m+                     <div classname="flex h-12 w-12 items-center justify-center rounded-lg bg-primary/10">[39m
[31m+                       <messagecircle classname="h-6 w-6 text-primary" />[39m
[31m+                     </div>[39m
[31m+                   </div>[39m
[31m+                   <h3 classname="mb-2 text-center font-display font-semibold">[39m
[31m+                     contact us[39m
[31m+                   </h3>[39m
[31m+                   <p classname="mb-4 text-center text-sm text-foreground/70">[39m
[31m+                     speak with our team directly for personalized assistance[39m
[31m+                   </p>[39m
[31m+                   <div classname="flex justify-center">[39m
[31m+                     <button variant="outline" size="sm" aschild>[39m
[31m+                       <link href="/contact">get in touch</link>[39m
[31m+                     </button>[39m
[31m+                   </div>[39m
[31m+                 </cardcontent>[39m
[31m+               </card>[39m
[31m+[39m
[31m+               <card classname="border-border/50 hover:border-primary/30 transition-all duration-300">[39m
[31m+                 <cardcontent classname="pt-6">[39m
[31m+                   <div classname="mb-4 flex justify-center">[39m
[31m+                     <div classname="flex h-12 w-12 items-center justify-center rounded-lg bg-primary/10">[39m
[31m+                       <phoneicon classname="h-6 w-6 text-primary" />[39m
[31m+                     </div>[39m
[31m+                   </div>[39m
[31m+                   <h3 classname="mb-2 text-center font-display font-semibold">[39m
[31m+                     call us[39m
[31m+                   </h3>[39m
[31m+                   <p classname="mb-4 text-center text-sm text-foreground/70">[39m
[31m+                     mon-sat 10am-6pm<br />(315) 657-1332[39m
[31m+                   </p>[39m
[31m+                   <div classname="flex justify-center">[39m
[31m+                     <button variant="outline" size="sm" aschild>[39m
[31m+                       <a href="tel:3156571332">call now</a>[39m
[31m+                     </button>[39m
[31m+                   </div>[39m
[31m+                 </cardcontent>[39m
[31m+               </card>[39m
[31m+[39m
[31m+               <card classname="border-border/50 hover:border-primary/30 transition-all duration-300">[39m
[31m+                 <cardcontent classname="pt-6">[39m
[31m+                   <div classname="mb-4 flex justify-center">[39m
[31m+                     <div classname="flex h-12 w-12 items-center justify-center rounded-lg bg-primary/10">[39m
[31m+                       <mappin classname="h-6 w-6 text-primary" />[39m
[31m+                     </div>[39m
[31m+                   </div>[39m
[31m+                   <h3 classname="mb-2 text-center font-display font-semibold">[39m
[31m+                     schedule a tour[39m
[31m+                   </h3>[39m
[31m+                   <p classname="mb-4 text-center text-sm text-foreground/70">[39m
[31m+                     see our facility in person and meet our team[39m
[31m+                   </p>[39m
[31m+                   <div classname="flex justify-center">[39m
[31m+                     <button variant="outline" size="sm" aschild>[39m
[31m+                       <link href="/contact">book tour</link>[39m
[31m+                     </button>[39m
[31m+                   </div>[39m
[31m+                 </cardcontent>[39m
[31m+               </card>[39m
[31m+             </div>[39m
[31m+           </div>[39m
[31m+         </section>[39m
[31m+       </fadeup>[39m
[31m+[39m
[31m+       {/* cta */}[39m
[31m+       <fadeup>[39m
[31m+         <section classname="bg-gradient-to-r from-primary/90 to-primary py-16 md:py-24 text-primary-foreground">[39m
[31m+           <div classname="container mx-auto px-4 text-center">[39m
[31m+             <h2 classname="mb-4 font-display text-3xl md:text-4xl font-semibold">[39m
[31m+               ready to book your pet's stay?[39m
[31m+             </h2>[39m
[31m+             <p classname="mb-8 text-lg opacity-90 max-w-2xl mx-auto">[39m
[31m+               we're here to answer any remaining questions and get your dog scheduled for the care they deserve.[39m
[31m+             </p>[39m
[31m+             <div classname="flex flex-col sm:flex-row justify-center gap-4">[39m
[31m+               <button[39m
[31m+                 size="lg"[39m
[31m+                 classname="bg-primary-foreground text-primary hover:bg-primary-foreground/90"[39m
[31m+                 aschild[39m
[31m+               >[39m
[31m+                 <link href="/book">check availability</link>[39m
[31m+               </button>[39m
[31m+               <button[39m
[31m+                 size="lg"[39m
[31m+                 variant="outline"[39m
[31m+                 classname="border-primary-foreground/50 text-primary-foreground hover:bg-primary-foreground/10"[39m
[31m+                 aschild[39m
[31m+               >[39m
[31m+                 <link href="/contact">contact us</link>[39m
[31m+               </button>[39m
[31m+             </div>[39m
[31m+           </div>[39m
[31m+         </section>[39m
[31m+       </fadeup>[39m
[31m+[39m
[31m+       {/* schema.org faqpage */}[39m
[31m+       <script[39m
[31m+         type="application/ld+json"[39m
[31m+         dangerouslysetinnerhtml={{[39m
[31m+           __html: json.stringify({[39m
[31m+             "@context": "https://schema.org",[39m
[31m+             "@type": "faqpage",[39m
[31m+             mainentity: allfaqs.map((faq) => ({[39m
[31m+               "@type": "question",[39m
[31m+               name: faq.q,[39m
[31m+               acceptedanswer: {[39m
[31m+                 "@type": "answer",[39m
[31m+                 text: faq.a,[39m
[31m+               },[39m
[31m+             })),[39m
[31m+           }),[39m
[31m+         }}[39m
[31m+       />[39m
[31m+     </div>[39m
[31m+   );[39m
[31m+ }[39m
[31m+[39m

[36m [2m❯[22m src/__tests__/issue31-pricing-consistency.test.ts:[2m93:11[22m[39m
    [90m 91| [39m          source[33m,[39m
    [90m 92| [39m          `${routeCase.route} (${routeCase.file}) is missing required …
    [90m 93| [39m        )[33m.[39m[34mtoContain[39m(requiredClaim[33m.[39m[34mtoLowerCase[39m())[33m;[39m
    [90m   | [39m          [31m^[39m
    [90m 94| [39m      }
    [90m 95| [39m

[31m[2m⎯⎯⎯⎯⎯⎯⎯⎯⎯⎯⎯⎯⎯⎯⎯⎯⎯⎯⎯⎯⎯⎯⎯⎯[7/7]⎯[22m[39m


[2m Test Files [22m [1m[31m2 failed[39m[22m[2m | [22m[1m[32m44 passed[39m[22m[90m (46)[39m
[2m      Tests [22m [1m[31m7 failed[39m[22m[2m | [22m[1m[32m356 passed[39m[22m[90m (363)[39m
[2m   Start at [22m 17:33:58
[2m   Duration [22m 8.12s[2m (transform 3.94s, setup 825ms, import 13.96s, tests 11.12s, environment 12ms)[22m

