src/__tests__/admin-api.test.ts(64,23): error TS2554: Expected 1 arguments, but got 0.
src/__tests__/admin-api.test.ts(72,23): error TS2554: Expected 1 arguments, but got 0.
src/__tests__/admin-api.test.ts(81,23): error TS2554: Expected 1 arguments, but got 0.
src/__tests__/admin-api.test.ts(102,23): error TS2554: Expected 1 arguments, but got 0.
src/__tests__/admin-api.test.ts(111,23): error TS2554: Expected 1 arguments, but got 0.
